Archive member included to satisfy reference by file (symbol)

c:/st/stm32cubeide_1.7.0/stm32cubeide/plugins/com.st.stm32cube.ide.mcu.externaltools.gnu-tools-for-stm32.9-2020-q2-update.win32_2.0.0.202105311346/tools/bin/../lib/gcc/arm-none-eabi/9.3.1/../../../../arm-none-eabi/lib/thumb/v7e-m+fp/hard\libm.a(lib_a-s_floor.o)
                              ./Core/Src/Lmx2594.o (floor)
c:/st/stm32cubeide_1.7.0/stm32cubeide/plugins/com.st.stm32cube.ide.mcu.externaltools.gnu-tools-for-stm32.9-2020-q2-update.win32_2.0.0.202105311346/tools/bin/../lib/gcc/arm-none-eabi/9.3.1/../../../../arm-none-eabi/lib/thumb/v7e-m+fp/hard\libm.a(lib_a-s_llround.o)
                              ./Core/Src/Lmx2594.o (llround)
c:/st/stm32cubeide_1.7.0/stm32cubeide/plugins/com.st.stm32cube.ide.mcu.externaltools.gnu-tools-for-stm32.9-2020-q2-update.win32_2.0.0.202105311346/tools/bin/../lib/gcc/arm-none-eabi/9.3.1/../../../../arm-none-eabi/lib/thumb/v7e-m+fp/hard\libc_nano.a(lib_a-errno.o)
                              ./Core/Src/syscalls.o (__errno)
c:/st/stm32cubeide_1.7.0/stm32cubeide/plugins/com.st.stm32cube.ide.mcu.externaltools.gnu-tools-for-stm32.9-2020-q2-update.win32_2.0.0.202105311346/tools/bin/../lib/gcc/arm-none-eabi/9.3.1/../../../../arm-none-eabi/lib/thumb/v7e-m+fp/hard\libc_nano.a(lib_a-exit.o)
                              c:/st/stm32cubeide_1.7.0/stm32cubeide/plugins/com.st.stm32cube.ide.mcu.externaltools.gnu-tools-for-stm32.9-2020-q2-update.win32_2.0.0.202105311346/tools/bin/../lib/gcc/arm-none-eabi/9.3.1/../../../../arm-none-eabi/lib/thumb/v7e-m+fp/hard/crt0.o (exit)
c:/st/stm32cubeide_1.7.0/stm32cubeide/plugins/com.st.stm32cube.ide.mcu.externaltools.gnu-tools-for-stm32.9-2020-q2-update.win32_2.0.0.202105311346/tools/bin/../lib/gcc/arm-none-eabi/9.3.1/../../../../arm-none-eabi/lib/thumb/v7e-m+fp/hard\libc_nano.a(lib_a-impure.o)
                              c:/st/stm32cubeide_1.7.0/stm32cubeide/plugins/com.st.stm32cube.ide.mcu.externaltools.gnu-tools-for-stm32.9-2020-q2-update.win32_2.0.0.202105311346/tools/bin/../lib/gcc/arm-none-eabi/9.3.1/../../../../arm-none-eabi/lib/thumb/v7e-m+fp/hard\libc_nano.a(lib_a-exit.o) (_global_impure_ptr)
c:/st/stm32cubeide_1.7.0/stm32cubeide/plugins/com.st.stm32cube.ide.mcu.externaltools.gnu-tools-for-stm32.9-2020-q2-update.win32_2.0.0.202105311346/tools/bin/../lib/gcc/arm-none-eabi/9.3.1/../../../../arm-none-eabi/lib/thumb/v7e-m+fp/hard\libc_nano.a(lib_a-init.o)
                              c:/st/stm32cubeide_1.7.0/stm32cubeide/plugins/com.st.stm32cube.ide.mcu.externaltools.gnu-tools-for-stm32.9-2020-q2-update.win32_2.0.0.202105311346/tools/bin/../lib/gcc/arm-none-eabi/9.3.1/../../../../arm-none-eabi/lib/thumb/v7e-m+fp/hard/crt0.o (__libc_init_array)
c:/st/stm32cubeide_1.7.0/stm32cubeide/plugins/com.st.stm32cube.ide.mcu.externaltools.gnu-tools-for-stm32.9-2020-q2-update.win32_2.0.0.202105311346/tools/bin/../lib/gcc/arm-none-eabi/9.3.1/../../../../arm-none-eabi/lib/thumb/v7e-m+fp/hard\libc_nano.a(lib_a-memset.o)
                              c:/st/stm32cubeide_1.7.0/stm32cubeide/plugins/com.st.stm32cube.ide.mcu.externaltools.gnu-tools-for-stm32.9-2020-q2-update.win32_2.0.0.202105311346/tools/bin/../lib/gcc/arm-none-eabi/9.3.1/../../../../arm-none-eabi/lib/thumb/v7e-m+fp/hard/crt0.o (memset)
c:/st/stm32cubeide_1.7.0/stm32cubeide/plugins/com.st.stm32cube.ide.mcu.externaltools.gnu-tools-for-stm32.9-2020-q2-update.win32_2.0.0.202105311346/tools/bin/../lib/gcc/arm-none-eabi/9.3.1/thumb/v7e-m+fp/hard\libgcc.a(_arm_muldf3.o)
                              ./Core/Src/Lmx2594.o (__aeabi_dmul)
c:/st/stm32cubeide_1.7.0/stm32cubeide/plugins/com.st.stm32cube.ide.mcu.externaltools.gnu-tools-for-stm32.9-2020-q2-update.win32_2.0.0.202105311346/tools/bin/../lib/gcc/arm-none-eabi/9.3.1/thumb/v7e-m+fp/hard\libgcc.a(_arm_addsubdf3.o)
                              ./Core/Src/Lmx2594.o (__aeabi_dsub)
c:/st/stm32cubeide_1.7.0/stm32cubeide/plugins/com.st.stm32cube.ide.mcu.externaltools.gnu-tools-for-stm32.9-2020-q2-update.win32_2.0.0.202105311346/tools/bin/../lib/gcc/arm-none-eabi/9.3.1/thumb/v7e-m+fp/hard\libgcc.a(_arm_muldivdf3.o)
                              ./Core/Src/Lmx2594.o (__aeabi_ddiv)
c:/st/stm32cubeide_1.7.0/stm32cubeide/plugins/com.st.stm32cube.ide.mcu.externaltools.gnu-tools-for-stm32.9-2020-q2-update.win32_2.0.0.202105311346/tools/bin/../lib/gcc/arm-none-eabi/9.3.1/thumb/v7e-m+fp/hard\libgcc.a(_arm_cmpdf2.o)
                              ./Core/Src/Lmx2594.o (__aeabi_dcmplt)
c:/st/stm32cubeide_1.7.0/stm32cubeide/plugins/com.st.stm32cube.ide.mcu.externaltools.gnu-tools-for-stm32.9-2020-q2-update.win32_2.0.0.202105311346/tools/bin/../lib/gcc/arm-none-eabi/9.3.1/thumb/v7e-m+fp/hard\libgcc.a(_arm_fixunsdfsi.o)
                              ./Core/Src/Lmx2594.o (__aeabi_d2uiz)
[...]
Memory Configuration

Name             Origin             Length             Attributes
RAM              0x0000000020000000 0x0000000000020000 xrw
FLASH            0x0000000008000000 0x0000000000080000 xr
*default*        0x0000000000000000 0xffffffffffffffff

Linker script and memory map

LOAD c:/st/stm32cubeide_1.7.0/stm32cubeide/plugins/com.st.stm32cube.ide.mcu.externaltools.gnu-tools-for-stm32.9-2020-q2-update.win32_2.0.0.202105311346/tools/bin/../lib/gcc/arm-none-eabi/9.3.1/thumb/v7e-m+fp/hard/crti.o
LOAD c:/st/stm32cubeide_1.7.0/stm32cubeide/plugins/com.st.stm32cube.ide.mcu.externaltools.gnu-tools-for-stm32.9-2020-q2-update.win32_2.0.0.202105311346/tools/bin/../lib/gcc/arm-none-eabi/9.3.1/thumb/v7e-m+fp/hard/crtbegin.o
LOAD c:/st/stm32cubeide_1.7.0/stm32cubeide/plugins/com.st.stm32cube.ide.mcu.externaltools.gnu-tools-for-stm32.9-2020-q2-update.win32_2.0.0.202105311346/tools/bin/../lib/gcc/arm-none-eabi/9.3.1/../../../../arm-none-eabi/lib/thumb/v7e-m+fp/hard/crt0.o
LOAD ./Core/Src/Lmx2594.o
LOAD ./Core/Src/gpio.o
LOAD ./Core/Src/main.o
LOAD ./Core/Src/spi.o
LOAD ./Core/Src/stm32g4xx_hal_msp.o
LOAD ./Core/Src/stm32g4xx_it.o
LOAD ./Core/Src/syscalls.o
LOAD ./Core/Src/sysmem.o
LOAD ./Core/Src/system_stm32g4xx.o
LOAD ./Core/Startup/startup_stm32g474retx.o
LOAD ./Drivers/STM32G4xx_HAL_Driver/Src/stm32g4xx_hal.o
LOAD ./Drivers/STM32G4xx_HAL_Driver/Src/stm32g4xx_hal_cortex.o
LOAD ./Drivers/STM32G4xx_HAL_Driver/Src/stm32g4xx_hal_dma.o
LOAD ./Drivers/STM32G4xx_HAL_Driver/Src/stm32g4xx_hal_dma_ex.o
LOAD ./Drivers/STM32G4xx_HAL_Driver/Src/stm32g4xx_hal_exti.o
LOAD ./Drivers/STM32G4xx_HAL_Driver/Src/stm32g4xx_hal_flash.o
LOAD ./Drivers/STM32G4xx_HAL_Driver/Src/stm32g4xx_hal_flash_ex.o
LOAD ./Drivers/STM32G4xx_HAL_Driver/Src/stm32g4xx_hal_flash_ramfunc.o
LOAD ./Drivers/STM32G4xx_HAL_Driver/Src/stm32g4xx_hal_gpio.o
LOAD ./Drivers/STM32G4xx_HAL_Driver/Src/stm32g4xx_hal_pwr.o
LOAD ./Drivers/STM32G4xx_HAL_Driver/Src/stm32g4xx_hal_pwr_ex.o
LOAD ./Drivers/STM32G4xx_HAL_Driver/Src/stm32g4xx_hal_rcc.o
LOAD ./Drivers/STM32G4xx_HAL_Driver/Src/stm32g4xx_hal_rcc_ex.o
LOAD ./Drivers/STM32G4xx_HAL_Driver/Src/stm32g4xx_hal_spi.o
LOAD ./Drivers/STM32G4xx_HAL_Driver/Src/stm32g4xx_hal_spi_ex.o
LOAD ./Drivers/STM32G4xx_HAL_Driver/Src/stm32g4xx_hal_tim.o
LOAD ./Drivers/STM32G4xx_HAL_Driver/Src/stm32g4xx_hal_tim_ex.o
START GROUP
LOAD c:/st/stm32cubeide_1.7.0/stm32cubeide/plugins/com.st.stm32cube.ide.mcu.externaltools.gnu-tools-for-stm32.9-2020-q2-update.win32_2.0.0.202105311346/tools/bin/../lib/gcc/arm-none-eabi/9.3.1/../../../../arm-none-eabi/lib/thumb/v7e-m+fp/hard\libstdc++_nano.a
LOAD c:/st/stm32cubeide_1.7.0/stm32cubeide/plugins/com.st.stm32cube.ide.mcu.externaltools.gnu-tools-for-stm32.9-2020-q2-update.win32_2.0.0.202105311346/tools/bin/../lib/gcc/arm-none-eabi/9.3.1/../../../../arm-none-eabi/lib/thumb/v7e-m+fp/hard\libsupc++_nano.a
END GROUP
LOAD c:/st/stm32cubeide_1.7.0/stm32cubeide/plugins/com.st.stm32cube.ide.mcu.externaltools.gnu-tools-for-stm32.9-2020-q2-update.win32_2.0.0.202105311346/tools/bin/../lib/gcc/arm-none-eabi/9.3.1/../../../../arm-none-eabi/lib/thumb/v7e-m+fp/hard\libstdc++_nano.a
LOAD c:/st/stm32cubeide_1.7.0/stm32cubeide/plugins/com.st.stm32cube.ide.mcu.externaltools.gnu-tools-for-stm32.9-2020-q2-update.win32_2.0.0.202105311346/tools/bin/../lib/gcc/arm-none-eabi/9.3.1/../../../../arm-none-eabi/lib/thumb/v7e-m+fp/hard\libm.a
LOAD c:/st/stm32cubeide_1.7.0/stm32cubeide/plugins/com.st.stm32cube.ide.mcu.externaltools.gnu-tools-for-stm32.9-2020-q2-update.win32_2.0.0.202105311346/tools/bin/../lib/gcc/arm-none-eabi/9.3.1/../../../../arm-none-eabi/lib/thumb/v7e-m+fp/hard\libc_nano.a
START GROUP
LOAD c:/st/stm32cubeide_1.7.0/stm32cubeide/plugins/com.st.stm32cube.ide.mcu.externaltools.gnu-tools-for-stm32.9-2020-q2-update.win32_2.0.0.202105311346/tools/bin/../lib/gcc/arm-none-eabi/9.3.1/thumb/v7e-m+fp/hard\libgcc.a
LOAD c:/st/stm32cubeide_1.7.0/stm32cubeide/plugins/com.st.stm32cube.ide.mcu.externaltools.gnu-tools-for-stm32.9-2020-q2-update.win32_2.0.0.202105311346/tools/bin/../lib/gcc/arm-none-eabi/9.3.1/../../../../arm-none-eabi/lib/thumb/v7e-m+fp/hard\libc_nano.a
END GROUP
START GROUP
LOAD c:/st/stm32cubeide_1.7.0/stm32cubeide/plugins/com.st.stm32cube.ide.mcu.externaltools.gnu-tools-for-stm32.9-2020-q2-update.win32_2.0.0.202105311346/tools/bin/../lib/gcc/arm-none-eabi/9.3.1/thumb/v7e-m+fp/hard\libgcc.a
LOAD c:/st/stm32cubeide_1.7.0/stm32cubeide/plugins/com.st.stm32cube.ide.mcu.externaltools.gnu-tools-for-stm32.9-2020-q2-update.win32_2.0.0.202105311346/tools/bin/../lib/gcc/arm-none-eabi/9.3.1/../../../../arm-none-eabi/lib/thumb/v7e-m+fp/hard\libc_nano.a
END GROUP
LOAD c:/st/stm32cubeide_1.7.0/stm32cubeide/plugins/com.st.stm32cube.ide.mcu.externaltools.gnu-tools-for-stm32.9-2020-q2-update.win32_2.0.0.202105311346/tools/bin/../lib/gcc/arm-none-eabi/9.3.1/thumb/v7e-m+fp/hard/crtend.o
LOAD c:/st/stm32cubeide_1.7.0/stm32cubeide/plugins/com.st.stm32cube.ide.mcu.externaltools.gnu-tools-for-stm32.9-2020-q2-update.win32_2.0.0.202105311346/tools/bin/../lib/gcc/arm-none-eabi/9.3.1/thumb/v7e-m+fp/hard/crtn.o
                0x0000000020020000                _estack = (ORIGIN (RAM) + LENGTH (RAM))
                0x0000000000000200                _Min_Heap_Size = 0x200
                0x0000000000000400                _Min_Stack_Size = 0x400

.isr_vector     0x0000000008000000      0x1d8
                0x0000000008000000                . = ALIGN (0x4)
 *(.isr_vector)
 .isr_vector    0x0000000008000000      0x1d8 ./Core/Startup/startup_stm32g474retx.o
                0x0000000008000000                g_pfnVectors
                0x00000000080001d8                . = ALIGN (0x4)

.text           0x00000000080001d8     0x394c
                0x00000000080001d8                . = ALIGN (0x4)
 *(.text)
 .text          0x00000000080001d8       0x40 c:/st/stm32cubeide_1.7.0/stm32cubeide/plugins/com.st.stm32cube.ide.mcu.externaltools.gnu-tools-for-stm32.9-2020-q2-update.win32_2.0.0.202105311346/tools/bin/../lib/gcc/arm-none-eabi/9.3.1/thumb/v7e-m+fp/hard/crtbegin.o
 .text          0x0000000008000218      0x378 c:/st/stm32cubeide_1.7.0/stm32cubeide/plugins/com.st.stm32cube.ide.mcu.externaltools.gnu-tools-for-stm32.9-2020-q2-update.win32_2.0.0.202105311346/tools/bin/../lib/gcc/arm-none-eabi/9.3.1/thumb/v7e-m+fp/hard\libgcc.a(_arm_addsubdf3.o)
                0x0000000008000218                __aeabi_drsub
                0x0000000008000220                __aeabi_dsub
                0x0000000008000220                __subdf3
                0x0000000008000224                __aeabi_dadd
                0x0000000008000224                __adddf3
                0x000000000800049c                __floatunsidf
                0x000000000800049c                __aeabi_ui2d
                0x00000000080004bc                __floatsidf
                0x00000000080004bc                __aeabi_i2d
                0x00000000080004e0                __aeabi_f2d
                0x00000000080004e0                __extendsfdf2
                0x0000000008000524                __floatundidf
                0x0000000008000524                __aeabi_ul2d
                0x0000000008000534                __floatdidf
                0x0000000008000534                __aeabi_l2d
 .text          0x0000000008000590      0x424 c:/st/stm32cubeide_1.7.0/stm32cubeide/plugins/com.st.stm32cube.ide.mcu.externaltools.gnu-tools-for-stm32.9-2020-q2-update.win32_2.0.0.202105311346/tools/bin/../lib/gcc/arm-none-eabi/9.3.1/thumb/v7e-m+fp/hard\libgcc.a(_arm_muldivdf3.o)
                0x0000000008000590                __aeabi_dmul
                0x0000000008000590                __muldf3
                0x00000000080007e4                __divdf3
                0x00000000080007e4                __aeabi_ddiv
 .text          0x00000000080009b4      0x110 c:/st/stm32cubeide_1.7.0/stm32cubeide/plugins/com.st.stm32cube.ide.mcu.externaltools.gnu-tools-for-stm32.9-2020-q2-update.win32_2.0.0.202105311346/tools/bin/../lib/gcc/arm-none-eabi/9.3.1/thumb/v7e-m+fp/hard\libgcc.a(_arm_cmpdf2.o)
                0x00000000080009b4                __gtdf2
                0x00000000080009b4                __gedf2
                0x00000000080009bc                __ltdf2
                0x00000000080009bc                __ledf2
                0x00000000080009c4                __nedf2
                0x00000000080009c4                __eqdf2
                0x00000000080009c4                __cmpdf2
                0x0000000008000a40                __aeabi_cdrcmple
                0x0000000008000a50                __aeabi_cdcmpeq
                0x0000000008000a50                __aeabi_cdcmple
                0x0000000008000a60                __aeabi_dcmpeq
                0x0000000008000a74                __aeabi_dcmplt
                0x0000000008000a88                __aeabi_dcmple
                0x0000000008000a9c                __aeabi_dcmpge
                0x0000000008000ab0                __aeabi_dcmpgt
 .text          0x0000000008000ac4       0x40 c:/st/stm32cubeide_1.7.0/stm32cubeide/plugins/com.st.stm32cube.ide.mcu.externaltools.gnu-tools-for-stm32.9-2020-q2-update.win32_2.0.0.202105311346/tools/bin/../lib/gcc/arm-none-eabi/9.3.1/thumb/v7e-m+fp/hard\libgcc.a(_arm_fixunsdfsi.o)
                0x0000000008000ac4                __aeabi_d2uiz
                0x0000000008000ac4                __fixunsdfsi
 .text          0x0000000008000b04       0x30 c:/st/stm32cubeide_1.7.0/stm32cubeide/plugins/com.st.stm32cube.ide.mcu.externaltools.gnu-tools-for-stm32.9-2020-q2-update.win32_2.0.0.202105311346/tools/bin/../lib/gcc/arm-none-eabi/9.3.1/thumb/v7e-m+fp/hard\libgcc.a(_fixdfdi.o)
                0x0000000008000b04                __fixdfdi
                0x0000000008000b04                __aeabi_d2lz
 .text          0x0000000008000b34       0x3c c:/st/stm32cubeide_1.7.0/stm32cubeide/plugins/com.st.stm32cube.ide.mcu.externaltools.gnu-tools-for-stm32.9-2020-q2-update.win32_2.0.0.202105311346/tools/bin/../lib/gcc/arm-none-eabi/9.3.1/thumb/v7e-m+fp/hard\libgcc.a(_fixunsdfdi.o)
                0x0000000008000b34                __fixunsdfdi
                0x0000000008000b34                __aeabi_d2ulz
 *(.text*)
 .text._ZN7Lmx2594C2EP19__SPI_HandleTypeDefRKNS_4PinsERKNS_9RefConfigE
                0x0000000008000b70       0x9e ./Core/Src/Lmx2594.o
                0x0000000008000b70                Lmx2594::Lmx2594(__SPI_HandleTypeDef*, Lmx2594::Pins const&, Lmx2594::RefConfig const&)
                0x0000000008000b70                Lmx2594::Lmx2594(__SPI_HandleTypeDef*, Lmx2594::Pins const&, Lmx2594::RefConfig const&)
 .text._ZN7Lmx25945csLowEv
                0x0000000008000c0e       0x20 ./Core/Src/Lmx2594.o
                0x0000000008000c0e                Lmx2594::csLow()
 .text._ZN7Lmx25946csHighEv
                0x0000000008000c2e       0x20 ./Core/Src/Lmx2594.o
                0x0000000008000c2e                Lmx2594::csHigh()
 .text._ZN7Lmx259411powerUpHardEv
                0x0000000008000c4e       0x20 ./Core/Src/Lmx2594.o
                0x0000000008000c4e                Lmx2594::powerUpHard()
 .text._ZN7Lmx25948writeRegEht
                0x0000000008000c6e       0x56 ./Core/Src/Lmx2594.o
                0x0000000008000c6e                Lmx2594::writeReg(unsigned char, unsigned short)
 .text._ZN7Lmx25944initEv
                0x0000000008000cc4      0x304 ./Core/Src/Lmx2594.o
                0x0000000008000cc4                Lmx2594::init()
 .text._ZN7Lmx25944initEd
                0x0000000008000fc8       0x36 ./Core/Src/Lmx2594.o
                0x0000000008000fc8                Lmx2594::init(double)
 *fill*         0x0000000008000ffe        0x2 
 .text._ZN7Lmx259415computeFreqPlanEdRNS_8FreqPlanE
                0x0000000008001000      0x6f8 ./Core/Src/Lmx2594.o
                0x0000000008001000                Lmx2594::computeFreqPlan(double, Lmx2594::FreqPlan&)
 .text._ZN7Lmx259412setFrequencyEd
                0x00000000080016f8       0x98 ./Core/Src/Lmx2594.o
                0x00000000080016f8                Lmx2594::setFrequency(double)
 .text._ZN7Lmx259413applyFreqPlanERKNS_8FreqPlanE
                0x0000000008001790      0x340 ./Core/Src/Lmx2594.o
                0x0000000008001790                Lmx2594::applyFreqPlan(Lmx2594::FreqPlan const&)
 .text._ZN7Lmx25947runFcalERKNS_8FreqPlanE
                0x0000000008001ad0      0x178 ./Core/Src/Lmx2594.o
                0x0000000008001ad0                Lmx2594::runFcal(Lmx2594::FreqPlan const&)
 .text.MX_GPIO_Init
                0x0000000008001c48       0xb0 ./Core/Src/gpio.o
                0x0000000008001c48                MX_GPIO_Init
 .text.main     0x0000000008001cf8       0x84 ./Core/Src/main.o
                0x0000000008001cf8                main
 .text._Z18SystemClock_Configv
                0x0000000008001d7c       0x94 ./Core/Src/main.o
                0x0000000008001d7c                SystemClock_Config()
 .text.Error_Handler
                0x0000000008001e10        0xa ./Core/Src/main.o
                0x0000000008001e10                Error_Handler
 *fill*         0x0000000008001e1a        0x2 
 .text._Z41__static_initialization_and_destruction_0ii
                0x0000000008001e1c       0x40 ./Core/Src/main.o
 .text._GLOBAL__sub_I_pins
                0x0000000008001e5c       0x10 ./Core/Src/main.o
 .text.MX_SPI2_Init
                0x0000000008001e6c       0x7c ./Core/Src/spi.o
                0x0000000008001e6c                MX_SPI2_Init
 .text.HAL_SPI_MspInit
                0x0000000008001ee8       0x88 ./Core/Src/spi.o
                0x0000000008001ee8                HAL_SPI_MspInit
 .text.HAL_MspInit
                0x0000000008001f70       0x48 ./Core/Src/stm32g4xx_hal_msp.o
                0x0000000008001f70                HAL_MspInit
 .text.NMI_Handler
                0x0000000008001fb8        0x6 ./Core/Src/stm32g4xx_it.o
                0x0000000008001fb8                NMI_Handler
 .text.HardFault_Handler
                0x0000000008001fbe        0x6 ./Core/Src/stm32g4xx_it.o
                0x0000000008001fbe                HardFault_Handler
 .text.MemManage_Handler
                0x0000000008001fc4        0x6 ./Core/Src/stm32g4xx_it.o
                0x0000000008001fc4                MemManage_Handler
 .text.BusFault_Handler
                0x0000000008001fca        0x6 ./Core/Src/stm32g4xx_it.o
                0x0000000008001fca                BusFault_Handler
 .text.UsageFault_Handler
                0x0000000008001fd0        0x6 ./Core/Src/stm32g4xx_it.o
                0x0000000008001fd0                UsageFault_Handler
 .text.SVC_Handler
                0x0000000008001fd6        0xe ./Core/Src/stm32g4xx_it.o
                0x0000000008001fd6                SVC_Handler
 .text.DebugMon_Handler
                0x0000000008001fe4        0xe ./Core/Src/stm32g4xx_it.o
                0x0000000008001fe4                DebugMon_Handler
 .text.PendSV_Handler
                0x0000000008001ff2        0xe ./Core/Src/stm32g4xx_it.o
                0x0000000008001ff2                PendSV_Handler
 .text.SysTick_Handler
                0x0000000008002000        0xc ./Core/Src/stm32g4xx_it.o
                0x0000000008002000                SysTick_Handler
 .text.SystemInit
                0x000000000800200c       0x24 ./Core/Src/system_stm32g4xx.o
                0x000000000800200c                SystemInit
 .text.Reset_Handler
                0x0000000008002030       0x50 ./Core/Startup/startup_stm32g474retx.o
                0x0000000008002030                Reset_Handler
 .text.Default_Handler
                0x0000000008002080        0x2 ./Core/Startup/startup_stm32g474retx.o
                0x0000000008002080                RTC_Alarm_IRQHandler
                0x0000000008002080                EXTI2_IRQHandler
                0x0000000008002080                TIM8_TRG_COM_IRQHandler
                0x0000000008002080                TIM8_CC_IRQHandler
                0x0000000008002080                HRTIM1_Master_IRQHandler
                0x0000000008002080                SPI4_IRQHandler
                0x0000000008002080                FDCAN3_IT0_IRQHandler
                0x0000000008002080                TIM1_CC_IRQHandler
                0x0000000008002080                HRTIM1_FLT_IRQHandler
                0x0000000008002080                HRTIM1_TIMF_IRQHandler
                0x0000000008002080                USB_HP_IRQHandler
                0x0000000008002080                CORDIC_IRQHandler
                0x0000000008002080                HRTIM1_TIMD_IRQHandler
                0x0000000008002080                DMA2_Channel8_IRQHandler
                0x0000000008002080                EXTI3_IRQHandler
                0x0000000008002080                I2C3_ER_IRQHandler
                0x0000000008002080                EXTI0_IRQHandler
                0x0000000008002080                I2C2_EV_IRQHandler
                0x0000000008002080                FPU_IRQHandler
                0x0000000008002080                FDCAN1_IT1_IRQHandler
                0x0000000008002080                TIM1_UP_TIM16_IRQHandler
                0x0000000008002080                ADC1_2_IRQHandler
                0x0000000008002080                HRTIM1_TIME_IRQHandler
                0x0000000008002080                SPI1_IRQHandler
                0x0000000008002080                TIM6_DAC_IRQHandler
                0x0000000008002080                HRTIM1_TIMC_IRQHandler
                0x0000000008002080                TIM8_UP_IRQHandler
                0x0000000008002080                DMA2_Channel2_IRQHandler
                0x0000000008002080                DMA1_Channel4_IRQHandler
                0x0000000008002080                TIM20_TRG_COM_IRQHandler
                0x0000000008002080                USART3_IRQHandler
                0x0000000008002080                DMA1_Channel7_IRQHandler
                0x0000000008002080                UART5_IRQHandler
                0x0000000008002080                ADC3_IRQHandler
                0x0000000008002080                TIM4_IRQHandler
                0x0000000008002080                DMA2_Channel1_IRQHandler
                0x0000000008002080                QUADSPI_IRQHandler
                0x0000000008002080                I2C1_EV_IRQHandler
                0x0000000008002080                DMA1_Channel6_IRQHandler
                0x0000000008002080                UART4_IRQHandler
                0x0000000008002080                DMA2_Channel4_IRQHandler
                0x0000000008002080                TIM3_IRQHandler
                0x0000000008002080                RCC_IRQHandler
                0x0000000008002080                TIM20_UP_IRQHandler
                0x0000000008002080                DMA1_Channel1_IRQHandler
                0x0000000008002080                Default_Handler
                0x0000000008002080                DMA2_Channel7_IRQHandler
                0x0000000008002080                RTC_TAMP_LSECSS_IRQHandler
                0x0000000008002080                FMAC_IRQHandler
                0x0000000008002080                EXTI15_10_IRQHandler
                0x0000000008002080                DMA1_Channel8_IRQHandler
                0x0000000008002080                HRTIM1_TIMA_IRQHandler
                0x0000000008002080                TIM7_DAC_IRQHandler
                0x0000000008002080                FDCAN3_IT1_IRQHandler
                0x0000000008002080                TIM5_IRQHandler
                0x0000000008002080                UCPD1_IRQHandler
                0x0000000008002080                I2C3_EV_IRQHandler
                0x0000000008002080                EXTI9_5_IRQHandler
                0x0000000008002080                RTC_WKUP_IRQHandler
                0x0000000008002080                PVD_PVM_IRQHandler
                0x0000000008002080                SPI2_IRQHandler
                0x0000000008002080                ADC5_IRQHandler
                0x0000000008002080                DMA2_Channel5_IRQHandler
                0x0000000008002080                CRS_IRQHandler
                0x0000000008002080                DMA1_Channel5_IRQHandler
                0x0000000008002080                USB_LP_IRQHandler
                0x0000000008002080                EXTI4_IRQHandler
                0x0000000008002080                RNG_IRQHandler
                0x0000000008002080                HRTIM1_TIMB_IRQHandler
                0x0000000008002080                TIM1_TRG_COM_TIM17_IRQHandler
                0x0000000008002080                FDCAN2_IT1_IRQHandler
                0x0000000008002080                DMA1_Channel3_IRQHandler
                0x0000000008002080                ADC4_IRQHandler
                0x0000000008002080                WWDG_IRQHandler
                0x0000000008002080                I2C4_EV_IRQHandler
                0x0000000008002080                FDCAN2_IT0_IRQHandler
                0x0000000008002080                LPUART1_IRQHandler
                0x0000000008002080                DMA2_Channel6_IRQHandler
                0x0000000008002080                FDCAN1_IT0_IRQHandler
                0x0000000008002080                TIM2_IRQHandler
                0x0000000008002080                COMP7_IRQHandler
                0x0000000008002080                COMP1_2_3_IRQHandler
                0x0000000008002080                EXTI1_IRQHandler
                0x0000000008002080                USART2_IRQHandler
                0x0000000008002080                COMP4_5_6_IRQHandler
                0x0000000008002080                TIM20_BRK_IRQHandler
                0x0000000008002080                I2C2_ER_IRQHandler
                0x0000000008002080                DMA1_Channel2_IRQHandler
                0x0000000008002080                TIM8_BRK_IRQHandler
                0x0000000008002080                FLASH_IRQHandler
                0x0000000008002080                TIM20_CC_IRQHandler
                0x0000000008002080                USART1_IRQHandler
                0x0000000008002080                SPI3_IRQHandler
                0x0000000008002080                I2C1_ER_IRQHandler
                0x0000000008002080                FMC_IRQHandler
                0x0000000008002080                LPTIM1_IRQHandler
                0x0000000008002080                DMAMUX_OVR_IRQHandler
                0x0000000008002080                I2C4_ER_IRQHandler
                0x0000000008002080                USBWakeUp_IRQHandler
                0x0000000008002080                SAI1_IRQHandler
                0x0000000008002080                DMA2_Channel3_IRQHandler
                0x0000000008002080                TIM1_BRK_TIM15_IRQHandler
 .text.HAL_Init
                0x0000000008002082       0x30 ./Drivers/STM32G4xx_HAL_Driver/Src/stm32g4xx_hal.o
                0x0000000008002082                HAL_Init
 *fill*         0x00000000080020b2        0x2 
 .text.HAL_InitTick
                0x00000000080020b4       0x74 ./Drivers/STM32G4xx_HAL_Driver/Src/stm32g4xx_hal.o
                0x00000000080020b4                HAL_InitTick
 .text.HAL_IncTick
                0x0000000008002128       0x24 ./Drivers/STM32G4xx_HAL_Driver/Src/stm32g4xx_hal.o
                0x0000000008002128                HAL_IncTick
 .text.HAL_GetTick
                0x000000000800214c       0x18 ./Drivers/STM32G4xx_HAL_Driver/Src/stm32g4xx_hal.o
                0x000000000800214c                HAL_GetTick
 .text.HAL_Delay
                0x0000000008002164       0x44 ./Drivers/STM32G4xx_HAL_Driver/Src/stm32g4xx_hal.o
                0x0000000008002164                HAL_Delay
 .text.__NVIC_SetPriorityGrouping
                0x00000000080021a8       0x48 ./Drivers/STM32G4xx_HAL_Driver/Src/stm32g4xx_hal_cortex.o
 .text.__NVIC_GetPriorityGrouping
                0x00000000080021f0       0x1c ./Drivers/STM32G4xx_HAL_Driver/Src/stm32g4xx_hal_cortex.o
 .text.__NVIC_SetPriority
                0x000000000800220c       0x54 ./Drivers/STM32G4xx_HAL_Driver/Src/stm32g4xx_hal_cortex.o
 .text.NVIC_EncodePriority
                0x0000000008002260       0x66 ./Drivers/STM32G4xx_HAL_Driver/Src/stm32g4xx_hal_cortex.o
 *fill*         0x00000000080022c6        0x2 
 .text.SysTick_Config
                0x00000000080022c8       0x44 ./Drivers/STM32G4xx_HAL_Driver/Src/stm32g4xx_hal_cortex.o
 .text.HAL_NVIC_SetPriorityGrouping
                0x000000000800230c       0x16 ./Drivers/STM32G4xx_HAL_Driver/Src/stm32g4xx_hal_cortex.o
                0x000000000800230c                HAL_NVIC_SetPriorityGrouping
 .text.HAL_NVIC_SetPriority
                0x0000000008002322       0x34 ./Drivers/STM32G4xx_HAL_Driver/Src/stm32g4xx_hal_cortex.o
                0x0000000008002322                HAL_NVIC_SetPriority
 .text.HAL_SYSTICK_Config
                0x0000000008002356       0x18 ./Drivers/STM32G4xx_HAL_Driver/Src/stm32g4xx_hal_cortex.o
                0x0000000008002356                HAL_SYSTICK_Config
 *fill*         0x000000000800236e        0x2 
 .text.HAL_GPIO_Init
                0x0000000008002370      0x304 ./Drivers/STM32G4xx_HAL_Driver/Src/stm32g4xx_hal_gpio.o
                0x0000000008002370                HAL_GPIO_Init
 .text.HAL_GPIO_WritePin
                0x0000000008002674       0x30 ./Drivers/STM32G4xx_HAL_Driver/Src/stm32g4xx_hal_gpio.o
                0x0000000008002674                HAL_GPIO_WritePin
 .text.HAL_PWREx_ControlVoltageScaling
                0x00000000080026a4      0x148 ./Drivers/STM32G4xx_HAL_Driver/Src/stm32g4xx_hal_pwr_ex.o
                0x00000000080026a4                HAL_PWREx_ControlVoltageScaling
 .text.HAL_PWREx_DisableUCPDDeadBattery
                0x00000000080027ec       0x20 ./Drivers/STM32G4xx_HAL_Driver/Src/stm32g4xx_hal_pwr_ex.o
                0x00000000080027ec                HAL_PWREx_DisableUCPDDeadBattery
 .text.HAL_RCC_OscConfig
                0x000000000800280c      0x630 ./Drivers/STM32G4xx_HAL_Driver/Src/stm32g4xx_hal_rcc.o
                0x000000000800280c                HAL_RCC_OscConfig
 .text.HAL_RCC_ClockConfig
                0x0000000008002e3c      0x278 ./Drivers/STM32G4xx_HAL_Driver/Src/stm32g4xx_hal_rcc.o
                0x0000000008002e3c                HAL_RCC_ClockConfig
 .text.HAL_RCC_GetSysClockFreq
                0x00000000080030b4       0xc4 ./Drivers/STM32G4xx_HAL_Driver/Src/stm32g4xx_hal_rcc.o
                0x00000000080030b4                HAL_RCC_GetSysClockFreq
 .text.RCC_GetSysClockFreqFromPLLSource
                0x0000000008003178       0x8c ./Drivers/STM32G4xx_HAL_Driver/Src/stm32g4xx_hal_rcc.o
 .text.HAL_SPI_Init
                0x0000000008003204      0x156 ./Drivers/STM32G4xx_HAL_Driver/Src/stm32g4xx_hal_spi.o
                0x0000000008003204                HAL_SPI_Init
 .text.HAL_SPI_Transmit
                0x000000000800335a      0x2dc ./Drivers/STM32G4xx_HAL_Driver/Src/stm32g4xx_hal_spi.o
                0x000000000800335a                HAL_SPI_Transmit
 *fill*         0x0000000008003636        0x2 
 .text.SPI_WaitFlagStateUntilTimeout
                0x0000000008003638      0x110 ./Drivers/STM32G4xx_HAL_Driver/Src/stm32g4xx_hal_spi.o
 .text.SPI_WaitFifoStateUntilTimeout
                0x0000000008003748      0x124 ./Drivers/STM32G4xx_HAL_Driver/Src/stm32g4xx_hal_spi.o
 .text.SPI_EndRxTxTransaction
                0x000000000800386c       0x8c ./Drivers/STM32G4xx_HAL_Driver/Src/stm32g4xx_hal_spi.o
 .text.floor    0x00000000080038f8      0x100 c:/st/stm32cubeide_1.7.0/stm32cubeide/plugins/com.st.stm32cube.ide.mcu.externaltools.gnu-tools-for-stm32.9-2020-q2-update.win32_2.0.0.202105311346/tools/bin/../lib/gcc/arm-none-eabi/9.3.1/../../../../arm-none-eabi/lib/thumb/v7e-m+fp/hard\libm.a(lib_a-s_floor.o)
                0x00000000080038f8                floor
 .text.llround  0x00000000080039f8       0xbc c:/st/stm32cubeide_1.7.0/stm32cubeide/plugins/com.st.stm32cube.ide.mcu.externaltools.gnu-tools-for-stm32.9-2020-q2-update.win32_2.0.0.202105311346/tools/bin/../lib/gcc/arm-none-eabi/9.3.1/../../../../arm-none-eabi/lib/thumb/v7e-m+fp/hard\libm.a(lib_a-s_llround.o)
                0x00000000080039f8                llround
 .text.__libc_init_array
                0x0000000008003ab4       0x48 c:/st/stm32cubeide_1.7.0/stm32cubeide/plugins/com.st.stm32cube.ide.mcu.externaltools.gnu-tools-for-stm32.9-2020-q2-update.win32_2.0.0.202105311346/tools/bin/../lib/gcc/arm-none-eabi/9.3.1/../../../../arm-none-eabi/lib/thumb/v7e-m+fp/hard\libc_nano.a(lib_a-init.o)
                0x0000000008003ab4                __libc_init_array
 .text.memset   0x0000000008003afc       0x10 c:/st/stm32cubeide_1.7.0/stm32cubeide/plugins/com.st.stm32cube.ide.mcu.externaltools.gnu-tools-for-stm32.9-2020-q2-update.win32_2.0.0.202105311346/tools/bin/../lib/gcc/arm-none-eabi/9.3.1/../../../../arm-none-eabi/lib/thumb/v7e-m+fp/hard\libc_nano.a(lib_a-memset.o)
                0x0000000008003afc                memset
 *(.glue_7)
 .glue_7        0x0000000008003b0c        0x0 linker stubs
 *(.glue_7t)
 .glue_7t       0x0000000008003b0c        0x0 linker stubs
 *(.eh_frame)
 .eh_frame      0x0000000008003b0c        0x0 c:/st/stm32cubeide_1.7.0/stm32cubeide/plugins/com.st.stm32cube.ide.mcu.externaltools.gnu-tools-for-stm32.9-2020-q2-update.win32_2.0.0.202105311346/tools/bin/../lib/gcc/arm-none-eabi/9.3.1/thumb/v7e-m+fp/hard/crtbegin.o
 *(.init)
 .init          0x0000000008003b0c        0x4 c:/st/stm32cubeide_1.7.0/stm32cubeide/plugins/com.st.stm32cube.ide.mcu.externaltools.gnu-tools-for-stm32.9-2020-q2-update.win32_2.0.0.202105311346/tools/bin/../lib/gcc/arm-none-eabi/9.3.1/thumb/v7e-m+fp/hard/crti.o
                0x0000000008003b0c                _init
 .init          0x0000000008003b10        0x8 c:/st/stm32cubeide_1.7.0/stm32cubeide/plugins/com.st.stm32cube.ide.mcu.externaltools.gnu-tools-for-stm32.9-2020-q2-update.win32_2.0.0.202105311346/tools/bin/../lib/gcc/arm-none-eabi/9.3.1/thumb/v7e-m+fp/hard/crtn.o
 *(.fini)
 .fini          0x0000000008003b18        0x4 c:/st/stm32cubeide_1.7.0/stm32cubeide/plugins/com.st.stm32cube.ide.mcu.externaltools.gnu-tools-for-stm32.9-2020-q2-update.win32_2.0.0.202105311346/tools/bin/../lib/gcc/arm-none-eabi/9.3.1/thumb/v7e-m+fp/hard/crti.o
                0x0000000008003b18                _fini
 .fini          0x0000000008003b1c        0x8 c:/st/stm32cubeide_1.7.0/stm32cubeide/plugins/com.st.stm32cube.ide.mcu.externaltools.gnu-tools-for-stm32.9-2020-q2-update.win32_2.0.0.202105311346/tools/bin/../lib/gcc/arm-none-eabi/9.3.1/thumb/v7e-m+fp/hard/crtn.o
                0x0000000008003b24                . = ALIGN (0x4)
                0x0000000008003b24                _etext = .

.vfp11_veneer   0x0000000008003b24        0x0
 .vfp11_veneer  0x0000000008003b24        0x0 linker stubs

.v4_bx          0x0000000008003b24        0x0
 .v4_bx         0x0000000008003b24        0x0 linker stubs

.iplt           0x0000000008003b24        0x0
 .iplt          0x0000000008003b24        0x0 c:/st/stm32cubeide_1.7.0/stm32cubeide/plugins/com.st.stm32cube.ide.mcu.externaltools.gnu-tools-for-stm32.9-2020-q2-update.win32_2.0.0.202105311346/tools/bin/../lib/gcc/arm-none-eabi/9.3.1/thumb/v7e-m+fp/hard/crtbegin.o

.rodata         0x0000000008003b24       0x38
                0x0000000008003b24                . = ALIGN (0x4)
 *(.rodata)
 *(.rodata*)
 .rodata._ZZN7Lmx259415computeFreqPlanEdRNS_8FreqPlanEE12chdiv_values
                0x0000000008003b24       0x26 ./Core/Src/Lmx2594.o
 *fill*         0x0000000008003b4a        0x2 
 .rodata.AHBPrescTable
                0x0000000008003b4c       0x10 ./Core/Src/system_stm32g4xx.o
                0x0000000008003b4c                AHBPrescTable
                0x0000000008003b5c                . = ALIGN (0x4)

.rel.dyn        0x0000000008003b5c        0x0
 .rel.iplt      0x0000000008003b5c        0x0 c:/st/stm32cubeide_1.7.0/stm32cubeide/plugins/com.st.stm32cube.ide.mcu.externaltools.gnu-tools-for-stm32.9-2020-q2-update.win32_2.0.0.202105311346/tools/bin/../lib/gcc/arm-none-eabi/9.3.1/thumb/v7e-m+fp/hard/crtbegin.o

.ARM.extab      0x0000000008003b5c        0x0
                0x0000000008003b5c                . = ALIGN (0x4)
 *(.ARM.extab* .gnu.linkonce.armextab.*)
                0x0000000008003b5c                . = ALIGN (0x4)

.ARM            0x0000000008003b5c        0x0
                0x0000000008003b5c                . = ALIGN (0x4)
                0x0000000008003b5c                __exidx_start = .
 *(.ARM.exidx*)
                0x0000000008003b5c                __exidx_end = .
                0x0000000008003b5c                . = ALIGN (0x4)

.preinit_array  0x0000000008003b5c        0x0
                0x0000000008003b5c                . = ALIGN (0x4)
                0x0000000008003b5c                PROVIDE (__preinit_array_start = .)
 *(.preinit_array*)
                0x0000000008003b5c                PROVIDE (__preinit_array_end = .)
                0x0000000008003b5c                . = ALIGN (0x4)

.init_array     0x0000000008003b5c        0x8
                0x0000000008003b5c                . = ALIGN (0x4)
                0x0000000008003b5c                PROVIDE (__init_array_start = .)
 *(SORT_BY_NAME(.init_array.*))
 *(.init_array*)
 .init_array    0x0000000008003b5c        0x4 c:/st/stm32cubeide_1.7.0/stm32cubeide/plugins/com.st.stm32cube.ide.mcu.externaltools.gnu-tools-for-stm32.9-2020-q2-update.win32_2.0.0.202105311346/tools/bin/../lib/gcc/arm-none-eabi/9.3.1/thumb/v7e-m+fp/hard/crtbegin.o
 .init_array    0x0000000008003b60        0x4 ./Core/Src/main.o
                0x0000000008003b64                PROVIDE (__init_array_end = .)
                0x0000000008003b64                . = ALIGN (0x4)

.fini_array     0x0000000008003b64        0x4
                0x0000000008003b64                . = ALIGN (0x4)
                [!provide]                        PROVIDE (__fini_array_start = .)
 *(SORT_BY_NAME(.fini_array.*))
 *(.fini_array*)
 .fini_array    0x0000000008003b64        0x4 c:/st/stm32cubeide_1.7.0/stm32cubeide/plugins/com.st.stm32cube.ide.mcu.externaltools.gnu-tools-for-stm32.9-2020-q2-update.win32_2.0.0.202105311346/tools/bin/../lib/gcc/arm-none-eabi/9.3.1/thumb/v7e-m+fp/hard/crtbegin.o
                [!provide]                        PROVIDE (__fini_array_end = .)
                0x0000000008003b68                . = ALIGN (0x4)
                0x0000000008003b68                _sidata = LOADADDR (.data)

.data           0x0000000020000000       0x2c load address 0x0000000008003b68
                0x0000000020000000                . = ALIGN (0x4)
                0x0000000020000000                _sdata = .
 *(.data)
 *(.data*)
 .data.pins     0x0000000020000000       0x10 ./Core/Src/main.o
                0x0000000020000000                pins
 .data.ref      0x0000000020000010       0x10 ./Core/Src/main.o
                0x0000000020000010                ref
 .data.SystemCoreClock
                0x0000000020000020        0x4 ./Core/Src/system_stm32g4xx.o
                0x0000000020000020                SystemCoreClock
 .data.uwTickPrio
                0x0000000020000024        0x4 ./Drivers/STM32G4xx_HAL_Driver/Src/stm32g4xx_hal.o
                0x0000000020000024                uwTickPrio
 .data.uwTickFreq
                0x0000000020000028        0x4 ./Drivers/STM32G4xx_HAL_Driver/Src/stm32g4xx_hal.o
                0x0000000020000028                uwTickFreq
 *(.RamFunc)
 *(.RamFunc*)
                0x000000002000002c                . = ALIGN (0x4)
                0x000000002000002c                _edata = .

.igot.plt       0x000000002000002c        0x0 load address 0x0000000008003b94
 .igot.plt      0x000000002000002c        0x0 c:/st/stm32cubeide_1.7.0/stm32cubeide/plugins/com.st.stm32cube.ide.mcu.externaltools.gnu-tools-for-stm32.9-2020-q2-update.win32_2.0.0.202105311346/tools/bin/../lib/gcc/arm-none-eabi/9.3.1/thumb/v7e-m+fp/hard/crtbegin.o
                0x000000002000002c                . = ALIGN (0x4)

.bss            0x0000000020000030       0xd0 load address 0x0000000008003b94
                0x0000000020000030                _sbss = .
                0x0000000020000030                __bss_start__ = _sbss
 *(.bss)
 .bss           0x0000000020000030       0x1c c:/st/stm32cubeide_1.7.0/stm32cubeide/plugins/com.st.stm32cube.ide.mcu.externaltools.gnu-tools-for-stm32.9-2020-q2-update.win32_2.0.0.202105311346/tools/bin/../lib/gcc/arm-none-eabi/9.3.1/thumb/v7e-m+fp/hard/crtbegin.o
 *(.bss*)
 *fill*         0x000000002000004c        0x4 
 .bss._ZL3lmx   0x0000000020000050       0x48 ./Core/Src/main.o
 *(COMMON)
 COMMON         0x0000000020000098       0x64 ./Core/Src/spi.o
                0x0000000020000098                hspi2
 COMMON         0x00000000200000fc        0x4 ./Drivers/STM32G4xx_HAL_Driver/Src/stm32g4xx_hal.o
                0x00000000200000fc                uwTick
                0x0000000020000100                . = ALIGN (0x4)
                0x0000000020000100                _ebss = .
                0x0000000020000100                __bss_end__ = _ebss

._user_heap_stack
                0x0000000020000100      0x600 load address 0x0000000008003b94
                0x0000000020000100                . = ALIGN (0x8)
                [!provide]                        PROVIDE (end = .)
                0x0000000020000100                PROVIDE (_end = .)
                0x0000000020000300                . = (. + _Min_Heap_Size)
 *fill*         0x0000000020000100      0x200 
                0x0000000020000700                . = (. + _Min_Stack_Size)
 *fill*         0x0000000020000300      0x400 
                0x0000000020000700                . = ALIGN (0x8)

/DISCARD/
 libc.a(*)
 libm.a(*)
 libgcc.a(*)

.ARM.attributes
                0x0000000000000000       0x30
 *(.ARM.attributes)
 .ARM.attributes
                0x0000000000000000       0x1e c:/st/stm32cubeide_1.7.0/stm32cubeide/plugins/com.st.stm32cube.ide.mcu.externaltools.gnu-tools-for-stm32.9-2020-q2-update.win32_2.0.0.202105311346/tools/bin/../lib/gcc/arm-none-eabi/9.3.1/thumb/v7e-m+fp/hard/crti.o
 .ARM.attributes
                0x000000000000001e       0x34 c:/st/stm32cubeide_1.7.0/stm32cubeide/plugins/com.st.stm32cube.ide.mcu.externaltools.gnu-tools-for-stm32.9-2020-q2-update.win32_2.0.0.202105311346/tools/bin/../lib/gcc/arm-none-eabi/9.3.1/thumb/v7e-m+fp/hard/crtbegin.o
 .ARM.attributes
                0x0000000000000052       0x34 ./Core/Src/Lmx2594.o
 .ARM.attributes
                0x0000000000000086       0x34 ./Core/Src/gpio.o
 .ARM.attributes
                0x00000000000000ba       0x34 ./Core/Src/main.o
 .ARM.attributes
                0x00000000000000ee       0x34 ./Core/Src/spi.o
 .ARM.attributes
                0x0000000000000122       0x34 ./Core/Src/stm32g4xx_hal_msp.o
 .ARM.attributes
                0x0000000000000156       0x34 ./Core/Src/stm32g4xx_it.o
 .ARM.attributes
                0x000000000000018a       0x34 ./Core/Src/system_stm32g4xx.o
 .ARM.attributes
                0x00000000000001be       0x21 ./Core/Startup/startup_stm32g474retx.o
 .ARM.attributes
                0x00000000000001df       0x34 ./Drivers/STM32G4xx_HAL_Driver/Src/stm32g4xx_hal.o
 .ARM.attributes
                0x0000000000000213       0x34 ./Drivers/STM32G4xx_HAL_Driver/Src/stm32g4xx_hal_cortex.o
 .ARM.attributes
                0x0000000000000247       0x34 ./Drivers/STM32G4xx_HAL_Driver/Src/stm32g4xx_hal_gpio.o
 .ARM.attributes
                0x000000000000027b       0x34 ./Drivers/STM32G4xx_HAL_Driver/Src/stm32g4xx_hal_pwr_ex.o
 .ARM.attributes
                0x00000000000002af       0x34 ./Drivers/STM32G4xx_HAL_Driver/Src/stm32g4xx_hal_rcc.o
 .ARM.attributes
                0x00000000000002e3       0x34 ./Drivers/STM32G4xx_HAL_Driver/Src/stm32g4xx_hal_spi.o
 .ARM.attributes
                0x0000000000000317       0x34 c:/st/stm32cubeide_1.7.0/stm32cubeide/plugins/com.st.stm32cube.ide.mcu.externaltools.gnu-tools-for-stm32.9-2020-q2-update.win32_2.0.0.202105311346/tools/bin/../lib/gcc/arm-none-eabi/9.3.1/../../../../arm-none-eabi/lib/thumb/v7e-m+fp/hard\libm.a(lib_a-s_floor.o)
 .ARM.attributes
                0x000000000000034b       0x34 c:/st/stm32cubeide_1.7.0/stm32cubeide/plugins/com.st.stm32cube.ide.mcu.externaltools.gnu-tools-for-stm32.9-2020-q2-update.win32_2.0.0.202105311346/tools/bin/../lib/gcc/arm-none-eabi/9.3.1/../../../../arm-none-eabi/lib/thumb/v7e-m+fp/hard\libm.a(lib_a-s_llround.o)
 .ARM.attributes
                0x000000000000037f       0x34 c:/st/stm32cubeide_1.7.0/stm32cubeide/plugins/com.st.stm32cube.ide.mcu.externaltools.gnu-tools-for-stm32.9-2020-q2-update.win32_2.0.0.202105311346/tools/bin/../lib/gcc/arm-none-eabi/9.3.1/../../../../arm-none-eabi/lib/thumb/v7e-m+fp/hard\libc_nano.a(lib_a-init.o)
 .ARM.attributes
                0x00000000000003b3       0x34 c:/st/stm32cubeide_1.7.0/stm32cubeide/plugins/com.st.stm32cube.ide.mcu.externaltools.gnu-tools-for-stm32.9-2020-q2-update.win32_2.0.0.202105311346/tools/bin/../lib/gcc/arm-none-eabi/9.3.1/../../../../arm-none-eabi/lib/thumb/v7e-m+fp/hard\libc_nano.a(lib_a-memset.o)
 .ARM.attributes
                0x00000000000003e7       0x1e c:/st/stm32cubeide_1.7.0/stm32cubeide/plugins/com.st.stm32cube.ide.mcu.externaltools.gnu-tools-for-stm32.9-2020-q2-update.win32_2.0.0.202105311346/tools/bin/../lib/gcc/arm-none-eabi/9.3.1/thumb/v7e-m+fp/hard\libgcc.a(_arm_addsubdf3.o)
 .ARM.attributes
                0x0000000000000405       0x1e c:/st/stm32cubeide_1.7.0/stm32cubeide/plugins/com.st.stm32cube.ide.mcu.externaltools.gnu-tools-for-stm32.9-2020-q2-update.win32_2.0.0.202105311346/tools/bin/../lib/gcc/arm-none-eabi/9.3.1/thumb/v7e-m+fp/hard\libgcc.a(_arm_muldivdf3.o)
 .ARM.attributes
                0x0000000000000423       0x1e c:/st/stm32cubeide_1.7.0/stm32cubeide/plugins/com.st.stm32cube.ide.mcu.externaltools.gnu-tools-for-stm32.9-2020-q2-update.win32_2.0.0.202105311346/tools/bin/../lib/gcc/arm-none-eabi/9.3.1/thumb/v7e-m+fp/hard\libgcc.a(_arm_cmpdf2.o)
 .ARM.attributes
                0x0000000000000441       0x1e c:/st/stm32cubeide_1.7.0/stm32cubeide/plugins/com.st.stm32cube.ide.mcu.externaltools.gnu-tools-for-stm32.9-2020-q2-update.win32_2.0.0.202105311346/tools/bin/../lib/gcc/arm-none-eabi/9.3.1/thumb/v7e-m+fp/hard\libgcc.a(_arm_fixunsdfsi.o)
 .ARM.attributes
                0x000000000000045f       0x34 c:/st/stm32cubeide_1.7.0/stm32cubeide/plugins/com.st.stm32cube.ide.mcu.externaltools.gnu-tools-for-stm32.9-2020-q2-update.win32_2.0.0.202105311346/tools/bin/../lib/gcc/arm-none-eabi/9.3.1/thumb/v7e-m+fp/hard\libgcc.a(_fixdfdi.o)
 .ARM.attributes
                0x0000000000000493       0x34 c:/st/stm32cubeide_1.7.0/stm32cubeide/plugins/com.st.stm32cube.ide.mcu.externaltools.gnu-tools-for-stm32.9-2020-q2-update.win32_2.0.0.202105311346/tools/bin/../lib/gcc/arm-none-eabi/9.3.1/thumb/v7e-m+fp/hard\libgcc.a(_fixunsdfdi.o)
 .ARM.attributes
                0x00000000000004c7       0x1e c:/st/stm32cubeide_1.7.0/stm32cubeide/plugins/com.st.stm32cube.ide.mcu.externaltools.gnu-tools-for-stm32.9-2020-q2-update.win32_2.0.0.202105311346/tools/bin/../lib/gcc/arm-none-eabi/9.3.1/thumb/v7e-m+fp/hard/crtn.o
OUTPUT(LMX2594_V1.elf elf32-littlearm)
LOAD linker stubs
LOAD c:/st/stm32cubeide_1.7.0/stm32cubeide/plugins/com.st.stm32cube.ide.mcu.externaltools.gnu-tools-for-stm32.9-2020-q2-update.win32_2.0.0.202105311346/tools/bin/../lib/gcc/arm-none-eabi/9.3.1/../../../../arm-none-eabi/lib/thumb/v7e-m+fp/hard\libc.a
LOAD c:/st/stm32cubeide_1.7.0/stm32cubeide/plugins/com.st.stm32cube.ide.mcu.externaltools.gnu-tools-for-stm32.9-2020-q2-update.win32_2.0.0.202105311346/tools/bin/../lib/gcc/arm-none-eabi/9.3.1/../../../../arm-none-eabi/lib/thumb/v7e-m+fp/hard\libm.a
LOAD c:/st/stm32cubeide_1.7.0/stm32cubeide/plugins/com.st.stm32cube.ide.mcu.externaltools.gnu-tools-for-stm32.9-2020-q2-update.win32_2.0.0.202105311346/tools/bin/../lib/gcc/arm-none-eabi/9.3.1/thumb/v7e-m+fp/hard\libgcc.a

.debug_info     0x0000000000000000     0xb270
 .debug_info    0x0000000000000000     0x21ab ./Core/Src/Lmx2594.o
 .debug_info    0x00000000000021ab      0x65a ./Core/Src/gpio.o
 .debug_info    0x0000000000002805     0x1426 ./Core/Src/main.o
 .debug_info    0x0000000000003c2b      0xcbb ./Core/Src/spi.o
 .debug_info    0x00000000000048e6      0x508 ./Core/Src/stm32g4xx_hal_msp.o
 .debug_info    0x0000000000004dee      0x31a ./Core/Src/stm32g4xx_it.o
 .debug_info    0x0000000000005108      0x718 ./Core/Src/system_stm32g4xx.o
 .debug_info    0x0000000000005820       0x22 ./Core/Startup/startup_stm32g474retx.o
 .debug_info    0x0000000000005842      0xcfd ./Drivers/STM32G4xx_HAL_Driver/Src/stm32g4xx_hal.o
 .debug_info    0x000000000000653f     0x1032 ./Drivers/STM32G4xx_HAL_Driver/Src/stm32g4xx_hal_cortex.o
 .debug_info    0x0000000000007571      0xa13 ./Drivers/STM32G4xx_HAL_Driver/Src/stm32g4xx_hal_gpio.o
 .debug_info    0x0000000000007f84      0xb3a ./Drivers/STM32G4xx_HAL_Driver/Src/stm32g4xx_hal_pwr_ex.o
 .debug_info    0x0000000000008abe      0xddd ./Drivers/STM32G4xx_HAL_Driver/Src/stm32g4xx_hal_rcc.o
 .debug_info    0x000000000000989b     0x19d5 ./Drivers/STM32G4xx_HAL_Driver/Src/stm32g4xx_hal_spi.o

.debug_abbrev   0x0000000000000000     0x1cc7
 .debug_abbrev  0x0000000000000000      0x45f ./Core/Src/Lmx2594.o
 .debug_abbrev  0x000000000000045f      0x14e ./Core/Src/gpio.o
 .debug_abbrev  0x00000000000005ad      0x385 ./Core/Src/main.o
 .debug_abbrev  0x0000000000000932      0x1bb ./Core/Src/spi.o
 .debug_abbrev  0x0000000000000aed      0x13d ./Core/Src/stm32g4xx_hal_msp.o
 .debug_abbrev  0x0000000000000c2a       0xf2 ./Core/Src/stm32g4xx_it.o
 .debug_abbrev  0x0000000000000d1c      0x165 ./Core/Src/system_stm32g4xx.o
 .debug_abbrev  0x0000000000000e81       0x12 ./Core/Startup/startup_stm32g474retx.o
 .debug_abbrev  0x0000000000000e93      0x227 ./Drivers/STM32G4xx_HAL_Driver/Src/stm32g4xx_hal.o
 .debug_abbrev  0x00000000000010ba      0x333 ./Drivers/STM32G4xx_HAL_Driver/Src/stm32g4xx_hal_cortex.o
 .debug_abbrev  0x00000000000013ed      0x1e8 ./Drivers/STM32G4xx_HAL_Driver/Src/stm32g4xx_hal_gpio.o
 .debug_abbrev  0x00000000000015d5      0x229 ./Drivers/STM32G4xx_HAL_Driver/Src/stm32g4xx_hal_pwr_ex.o
 .debug_abbrev  0x00000000000017fe      0x275 ./Drivers/STM32G4xx_HAL_Driver/Src/stm32g4xx_hal_rcc.o
 .debug_abbrev  0x0000000000001a73      0x254 ./Drivers/STM32G4xx_HAL_Driver/Src/stm32g4xx_hal_spi.o

.debug_aranges  0x0000000000000000      0x830
 .debug_aranges
                0x0000000000000000       0x80 ./Core/Src/Lmx2594.o
 .debug_aranges
                0x0000000000000080       0x20 ./Core/Src/gpio.o
 .debug_aranges
                0x00000000000000a0       0x40 ./Core/Src/main.o
 .debug_aranges
                0x00000000000000e0       0x30 ./Core/Src/spi.o
 .debug_aranges
                0x0000000000000110       0x20 ./Core/Src/stm32g4xx_hal_msp.o
 .debug_aranges
                0x0000000000000130       0x60 ./Core/Src/stm32g4xx_it.o
 .debug_aranges
                0x0000000000000190       0x28 ./Core/Src/system_stm32g4xx.o
 .debug_aranges
                0x00000000000001b8       0x28 ./Core/Startup/startup_stm32g474retx.o
 .debug_aranges
                0x00000000000001e0      0x130 ./Drivers/STM32G4xx_HAL_Driver/Src/stm32g4xx_hal.o
 .debug_aranges
                0x0000000000000310      0x118 ./Drivers/STM32G4xx_HAL_Driver/Src/stm32g4xx_hal_cortex.o
 .debug_aranges
                0x0000000000000428       0x58 ./Drivers/STM32G4xx_HAL_Driver/Src/stm32g4xx_hal_gpio.o
 .debug_aranges
                0x0000000000000480      0x140 ./Drivers/STM32G4xx_HAL_Driver/Src/stm32g4xx_hal_pwr_ex.o
 .debug_aranges
                0x00000000000005c0       0x98 ./Drivers/STM32G4xx_HAL_Driver/Src/stm32g4xx_hal_rcc.o
 .debug_aranges
                0x0000000000000658      0x1d8 ./Drivers/STM32G4xx_HAL_Driver/Src/stm32g4xx_hal_spi.o

.debug_ranges   0x0000000000000000      0x758
 .debug_ranges  0x0000000000000000       0x70 ./Core/Src/Lmx2594.o
 .debug_ranges  0x0000000000000070       0x10 ./Core/Src/gpio.o
 .debug_ranges  0x0000000000000080       0x30 ./Core/Src/main.o
 .debug_ranges  0x00000000000000b0       0x20 ./Core/Src/spi.o
 .debug_ranges  0x00000000000000d0       0x10 ./Core/Src/stm32g4xx_hal_msp.o
 .debug_ranges  0x00000000000000e0       0x50 ./Core/Src/stm32g4xx_it.o
 .debug_ranges  0x0000000000000130       0x18 ./Core/Src/system_stm32g4xx.o
 .debug_ranges  0x0000000000000148       0x20 ./Core/Startup/startup_stm32g474retx.o
 .debug_ranges  0x0000000000000168      0x120 ./Drivers/STM32G4xx_HAL_Driver/Src/stm32g4xx_hal.o
 .debug_ranges  0x0000000000000288      0x108 ./Drivers/STM32G4xx_HAL_Driver/Src/stm32g4xx_hal_cortex.o
 .debug_ranges  0x0000000000000390       0x48 ./Drivers/STM32G4xx_HAL_Driver/Src/stm32g4xx_hal_gpio.o
 .debug_ranges  0x00000000000003d8      0x130 ./Drivers/STM32G4xx_HAL_Driver/Src/stm32g4xx_hal_pwr_ex.o
 .debug_ranges  0x0000000000000508       0x88 ./Drivers/STM32G4xx_HAL_Driver/Src/stm32g4xx_hal_rcc.o
 .debug_ranges  0x0000000000000590      0x1c8 ./Drivers/STM32G4xx_HAL_Driver/Src/stm32g4xx_hal_spi.o

.debug_macro    0x0000000000000000    0x266db
 .debug_macro   0x0000000000000000      0x313 ./Core/Src/Lmx2594.o
 .debug_macro   0x0000000000000313      0xb80 ./Core/Src/Lmx2594.o
 .debug_macro   0x0000000000000e93      0x17c ./Core/Src/Lmx2594.o
 .debug_macro   0x000000000000100f       0x10 ./Core/Src/Lmx2594.o
 .debug_macro   0x000000000000101f      0x41e ./Core/Src/Lmx2594.o
 .debug_macro   0x000000000000143d       0x1c ./Core/Src/Lmx2594.o
 .debug_macro   0x0000000000001459       0x22 ./Core/Src/Lmx2594.o
 .debug_macro   0x000000000000147b       0x8e ./Core/Src/Lmx2594.o
 .debug_macro   0x0000000000001509       0x51 ./Core/Src/Lmx2594.o
 .debug_macro   0x000000000000155a      0x103 ./Core/Src/Lmx2594.o
 .debug_macro   0x000000000000165d       0x6a ./Core/Src/Lmx2594.o
 .debug_macro   0x00000000000016c7      0x1df ./Core/Src/Lmx2594.o
 .debug_macro   0x00000000000018a6       0x28 ./Core/Src/Lmx2594.o
 .debug_macro   0x00000000000018ce      0x17b ./Core/Src/Lmx2594.o
 .debug_macro   0x0000000000001a49      0x155 ./Core/Src/Lmx2594.o
 .debug_macro   0x0000000000001b9e       0x2e ./Core/Src/Lmx2594.o
 .debug_macro   0x0000000000001bcc       0x28 ./Core/Src/Lmx2594.o
 .debug_macro   0x0000000000001bf4       0x1c ./Core/Src/Lmx2594.o
 .debug_macro   0x0000000000001c10       0x22 ./Core/Src/Lmx2594.o
 .debug_macro   0x0000000000001c32      0x101 ./Core/Src/Lmx2594.o
 .debug_macro   0x0000000000001d33     0x1011 ./Core/Src/Lmx2594.o
 .debug_macro   0x0000000000002d44      0x11f ./Core/Src/Lmx2594.o
 .debug_macro   0x0000000000002e63    0x18596 ./Core/Src/Lmx2594.o
 .debug_macro   0x000000000001b3f9       0x43 ./Core/Src/Lmx2594.o
 .debug_macro   0x000000000001b43c     0x34f4 ./Core/Src/Lmx2594.o
 .debug_macro   0x000000000001e930       0x5c ./Core/Src/Lmx2594.o
 .debug_macro   0x000000000001e98c     0x16e0 ./Core/Src/Lmx2594.o
 .debug_macro   0x000000000002006c      0x600 ./Core/Src/Lmx2594.o
 .debug_macro   0x000000000002066c      0x137 ./Core/Src/Lmx2594.o
 .debug_macro   0x00000000000207a3      0x34b ./Core/Src/Lmx2594.o
 .debug_macro   0x0000000000020aee      0x53c ./Core/Src/Lmx2594.o
 .debug_macro   0x000000000002102a      0x18b ./Core/Src/Lmx2594.o
 .debug_macro   0x00000000000211b5       0x43 ./Core/Src/Lmx2594.o
 .debug_macro   0x00000000000211f8      0x23d ./Core/Src/Lmx2594.o
 .debug_macro   0x0000000000021435      0x212 ./Core/Src/Lmx2594.o
 .debug_macro   0x0000000000021647      0x45c ./Core/Src/Lmx2594.o
 .debug_macro   0x0000000000021aa3      0x11c ./Core/Src/Lmx2594.o
 .debug_macro   0x0000000000021bbf      0x122 ./Core/Src/Lmx2594.o
 .debug_macro   0x0000000000021ce1      0x3d1 ./Core/Src/Lmx2594.o
 .debug_macro   0x00000000000220b2      0x2fe ./Core/Src/Lmx2594.o
 .debug_macro   0x00000000000223b0      0x359 ./Core/Src/Lmx2594.o
 .debug_macro   0x0000000000022709       0x18 ./Core/Src/Lmx2594.o
 .debug_macro   0x0000000000022721       0x52 ./Core/Src/Lmx2594.o
 .debug_macro   0x0000000000022773       0x18 ./Core/Src/Lmx2594.o
 .debug_macro   0x000000000002278b       0x3c ./Core/Src/Lmx2594.o
 .debug_macro   0x00000000000227c7       0x34 ./Core/Src/Lmx2594.o
 .debug_macro   0x00000000000227fb       0x16 ./Core/Src/Lmx2594.o
 .debug_macro   0x0000000000022811       0x43 ./Core/Src/Lmx2594.o
 .debug_macro   0x0000000000022854       0x34 ./Core/Src/Lmx2594.o
 .debug_macro   0x0000000000022888       0x10 ./Core/Src/Lmx2594.o
 .debug_macro   0x0000000000022898       0x58 ./Core/Src/Lmx2594.o
 .debug_macro   0x00000000000228f0       0x71 ./Core/Src/Lmx2594.o
 .debug_macro   0x0000000000022961       0x16 ./Core/Src/Lmx2594.o
 .debug_macro   0x0000000000022977      0x12a ./Core/Src/Lmx2594.o
 .debug_macro   0x0000000000022aa1      0x356 ./Core/Src/Lmx2594.o
 .debug_macro   0x0000000000022df7      0x1a2 ./Core/Src/Lmx2594.o
 .debug_macro   0x0000000000022f99       0x10 ./Core/Src/Lmx2594.o
 .debug_macro   0x0000000000022fa9       0x16 ./Core/Src/Lmx2594.o
 .debug_macro   0x0000000000022fbf       0x35 ./Core/Src/Lmx2594.o
 .debug_macro   0x0000000000022ff4       0x16 ./Core/Src/Lmx2594.o
 .debug_macro   0x000000000002300a       0x29 ./Core/Src/Lmx2594.o
 .debug_macro   0x0000000000023033       0x10 ./Core/Src/Lmx2594.o
 .debug_macro   0x0000000000023043      0x3c7 ./Core/Src/Lmx2594.o
 .debug_macro   0x000000000002340a      0x1d4 ./Core/Src/gpio.o
 .debug_macro   0x00000000000235de      0xaa8 ./Core/Src/gpio.o
 .debug_macro   0x0000000000024086     0x1011 ./Core/Src/gpio.o
 .debug_macro   0x0000000000025097      0x174 ./Core/Src/gpio.o
 .debug_macro   0x000000000002520b       0x28 ./Core/Src/gpio.o
 .debug_macro   0x0000000000025233      0x225 ./Core/Src/main.o
 .debug_macro   0x0000000000025458      0x1d4 ./Core/Src/spi.o
 .debug_macro   0x000000000002562c      0x1ca ./Core/Src/stm32g4xx_hal_msp.o
 .debug_macro   0x00000000000257f6      0x1d4 ./Core/Src/stm32g4xx_it.o
 .debug_macro   0x00000000000259ca      0x1bb ./Core/Src/system_stm32g4xx.o
 .debug_macro   0x0000000000025b85      0x209 ./Drivers/STM32G4xx_HAL_Driver/Src/stm32g4xx_hal.o
 .debug_macro   0x0000000000025d8e      0x1bb ./Drivers/STM32G4xx_HAL_Driver/Src/stm32g4xx_hal_cortex.o
 .debug_macro   0x0000000000025f49      0x1f3 ./Drivers/STM32G4xx_HAL_Driver/Src/stm32g4xx_hal_gpio.o
 .debug_macro   0x000000000002613c      0x1e5 ./Drivers/STM32G4xx_HAL_Driver/Src/stm32g4xx_hal_pwr_ex.o
 .debug_macro   0x0000000000026321      0x1f7 ./Drivers/STM32G4xx_HAL_Driver/Src/stm32g4xx_hal_rcc.o
 .debug_macro   0x0000000000026518      0x1c3 ./Drivers/STM32G4xx_HAL_Driver/Src/stm32g4xx_hal_spi.o

.debug_line     0x0000000000000000     0x9c1f
 .debug_line    0x0000000000000000     0x1373 ./Core/Src/Lmx2594.o
 .debug_line    0x0000000000001373      0x6ca ./Core/Src/gpio.o
 .debug_line    0x0000000000001a3d      0x9bb ./Core/Src/main.o
 .debug_line    0x00000000000023f8      0x727 ./Core/Src/spi.o
 .debug_line    0x0000000000002b1f      0x6b0 ./Core/Src/stm32g4xx_hal_msp.o
 .debug_line    0x00000000000031cf      0x771 ./Core/Src/stm32g4xx_it.o
 .debug_line    0x0000000000003940      0x718 ./Core/Src/system_stm32g4xx.o
 .debug_line    0x0000000000004058       0x89 ./Core/Startup/startup_stm32g474retx.o
 .debug_line    0x00000000000040e1      0xa8f ./Drivers/STM32G4xx_HAL_Driver/Src/stm32g4xx_hal.o
 .debug_line    0x0000000000004b70      0xc42 ./Drivers/STM32G4xx_HAL_Driver/Src/stm32g4xx_hal_cortex.o
 .debug_line    0x00000000000057b2      0xadc ./Drivers/STM32G4xx_HAL_Driver/Src/stm32g4xx_hal_gpio.o
 .debug_line    0x000000000000628e      0xc3a ./Drivers/STM32G4xx_HAL_Driver/Src/stm32g4xx_hal_pwr_ex.o
 .debug_line    0x0000000000006ec8      0xe8f ./Drivers/STM32G4xx_HAL_Driver/Src/stm32g4xx_hal_rcc.o
 .debug_line    0x0000000000007d57     0x1ec8 ./Drivers/STM32G4xx_HAL_Driver/Src/stm32g4xx_hal_spi.o

.debug_str      0x0000000000000000    0xe45f9
 .debug_str     0x0000000000000000    0xe1e67 ./Core/Src/Lmx2594.o
                                      0xe256f (size before relaxing)
 .debug_str     0x00000000000e1e67      0x405 ./Core/Src/gpio.o
                                      0xdbe49 (size before relaxing)
 .debug_str     0x00000000000e226c      0x20c ./Core/Src/main.o
                                      0xde766 (size before relaxing)
 .debug_str     0x00000000000e2478       0x4b ./Core/Src/spi.o
                                      0xdc318 (size before relaxing)
 .debug_str     0x00000000000e24c3       0x2c ./Core/Src/stm32g4xx_hal_msp.o
                                      0xdbdac (size before relaxing)
 .debug_str     0x00000000000e24ef       0xbd ./Core/Src/stm32g4xx_it.o
                                      0xdbce4 (size before relaxing)
 .debug_str     0x00000000000e25ac       0xaf ./Core/Src/system_stm32g4xx.o
                                      0xdbd90 (size before relaxing)
 .debug_str     0x00000000000e265b       0x36 ./Core/Startup/startup_stm32g474retx.o
                                         0x5e (size before relaxing)
 .debug_str     0x00000000000e2691      0xba7 ./Drivers/STM32G4xx_HAL_Driver/Src/stm32g4xx_hal.o
                                      0xdca38 (size before relaxing)
 .debug_str     0x00000000000e3238      0x380 ./Drivers/STM32G4xx_HAL_Driver/Src/stm32g4xx_hal_cortex.o
                                      0xdc740 (size before relaxing)
 .debug_str     0x00000000000e35b8      0x213 ./Drivers/STM32G4xx_HAL_Driver/Src/stm32g4xx_hal_gpio.o
                                      0xdc014 (size before relaxing)
 .debug_str     0x00000000000e37cb      0x4d2 ./Drivers/STM32G4xx_HAL_Driver/Src/stm32g4xx_hal_pwr_ex.o
                                      0xdc286 (size before relaxing)
 .debug_str     0x00000000000e3c9d      0x3c6 ./Drivers/STM32G4xx_HAL_Driver/Src/stm32g4xx_hal_rcc.o
                                      0xdc346 (size before relaxing)
 .debug_str     0x00000000000e4063      0x596 ./Drivers/STM32G4xx_HAL_Driver/Src/stm32g4xx_hal_spi.o
                                      0xdc667 (size before relaxing)

.comment        0x0000000000000000       0x53
 .comment       0x0000000000000000       0x53 ./Core/Src/Lmx2594.o
                                         0x54 (size before relaxing)
 .comment       0x0000000000000053       0x54 ./Core/Src/gpio.o
 .comment       0x0000000000000053       0x54 ./Core/Src/main.o
 .comment       0x0000000000000053       0x54 ./Core/Src/spi.o
 .comment       0x0000000000000053       0x54 ./Core/Src/stm32g4xx_hal_msp.o
 .comment       0x0000000000000053       0x54 ./Core/Src/stm32g4xx_it.o
 .comment       0x0000000000000053       0x54 ./Core/Src/system_stm32g4xx.o
 .comment       0x0000000000000053       0x54 ./Drivers/STM32G4xx_HAL_Driver/Src/stm32g4xx_hal.o
 .comment       0x0000000000000053       0x54 ./Drivers/STM32G4xx_HAL_Driver/Src/stm32g4xx_hal_cortex.o
 .comment       0x0000000000000053       0x54 ./Drivers/STM32G4xx_HAL_Driver/Src/stm32g4xx_hal_gpio.o
 .comment       0x0000000000000053       0x54 ./Drivers/STM32G4xx_HAL_Driver/Src/stm32g4xx_hal_pwr_ex.o
 .comment       0x0000000000000053       0x54 ./Drivers/STM32G4xx_HAL_Driver/Src/stm32g4xx_hal_rcc.o
 .comment       0x0000000000000053       0x54 ./Drivers/STM32G4xx_HAL_Driver/Src/stm32g4xx_hal_spi.o

.debug_frame    0x0000000000000000     0x21fc
 .debug_frame   0x0000000000000000      0x20c ./Core/Src/Lmx2594.o
 .debug_frame   0x000000000000020c       0x34 ./Core/Src/gpio.o
 .debug_frame   0x0000000000000240       0xa8 ./Core/Src/main.o
 .debug_frame   0x00000000000002e8       0x74 ./Core/Src/spi.o
 .debug_frame   0x000000000000035c       0x34 ./Core/Src/stm32g4xx_hal_msp.o
 .debug_frame   0x0000000000000390      0x104 ./Core/Src/stm32g4xx_it.o
 .debug_frame   0x0000000000000494       0x58 ./Core/Src/system_stm32g4xx.o
 .debug_frame   0x00000000000004ec      0x4a0 ./Drivers/STM32G4xx_HAL_Driver/Src/stm32g4xx_hal.o
 .debug_frame   0x000000000000098c      0x498 ./Drivers/STM32G4xx_HAL_Driver/Src/stm32g4xx_hal_cortex.o
 .debug_frame   0x0000000000000e24      0x14c ./Drivers/STM32G4xx_HAL_Driver/Src/stm32g4xx_hal_gpio.o
 .debug_frame   0x0000000000000f70      0x4fc ./Drivers/STM32G4xx_HAL_Driver/Src/stm32g4xx_hal_pwr_ex.o
 .debug_frame   0x000000000000146c      0x23c ./Drivers/STM32G4xx_HAL_Driver/Src/stm32g4xx_hal_rcc.o
 .debug_frame   0x00000000000016a8      0x860 ./Drivers/STM32G4xx_HAL_Driver/Src/stm32g4xx_hal_spi.o
 .debug_frame   0x0000000000001f08       0x30 c:/st/stm32cubeide_1.7.0/stm32cubeide/plugins/com.st.stm32cube.ide.mcu.externaltools.gnu-tools-for-stm32.9-2020-q2-update.win32_2.0.0.202105311346/tools/bin/../lib/gcc/arm-none-eabi/9.3.1/../../../../arm-none-eabi/lib/thumb/v7e-m+fp/hard\libm.a(lib_a-s_floor.o)
 .debug_frame   0x0000000000001f38       0x30 c:/st/stm32cubeide_1.7.0/stm32cubeide/plugins/com.st.stm32cube.ide.mcu.externaltools.gnu-tools-for-stm32.9-2020-q2-update.win32_2.0.0.202105311346/tools/bin/../lib/gcc/arm-none-eabi/9.3.1/../../../../arm-none-eabi/lib/thumb/v7e-m+fp/hard\libm.a(lib_a-s_llround.o)
 .debug_frame   0x0000000000001f68       0x2c c:/st/stm32cubeide_1.7.0/stm32cubeide/plugins/com.st.stm32cube.ide.mcu.externaltools.gnu-tools-for-stm32.9-2020-q2-update.win32_2.0.0.202105311346/tools/bin/../lib/gcc/arm-none-eabi/9.3.1/../../../../arm-none-eabi/lib/thumb/v7e-m+fp/hard\libc_nano.a(lib_a-init.o)
 .debug_frame   0x0000000000001f94       0x20 c:/st/stm32cubeide_1.7.0/stm32cubeide/plugins/com.st.stm32cube.ide.mcu.externaltools.gnu-tools-for-stm32.9-2020-q2-update.win32_2.0.0.202105311346/tools/bin/../lib/gcc/arm-none-eabi/9.3.1/../../../../arm-none-eabi/lib/thumb/v7e-m+fp/hard\libc_nano.a(lib_a-memset.o)
 .debug_frame   0x0000000000001fb4       0xac c:/st/stm32cubeide_1.7.0/stm32cubeide/plugins/com.st.stm32cube.ide.mcu.externaltools.gnu-tools-for-stm32.9-2020-q2-update.win32_2.0.0.202105311346/tools/bin/../lib/gcc/arm-none-eabi/9.3.1/thumb/v7e-m+fp/hard\libgcc.a(_arm_addsubdf3.o)
 .debug_frame   0x0000000000002060       0x50 c:/st/stm32cubeide_1.7.0/stm32cubeide/plugins/com.st.stm32cube.ide.mcu.externaltools.gnu-tools-for-stm32.9-2020-q2-update.win32_2.0.0.202105311346/tools/bin/../lib/gcc/arm-none-eabi/9.3.1/thumb/v7e-m+fp/hard\libgcc.a(_arm_muldivdf3.o)
 .debug_frame   0x00000000000020b0       0xc4 c:/st/stm32cubeide_1.7.0/stm32cubeide/plugins/com.st.stm32cube.ide.mcu.externaltools.gnu-tools-for-stm32.9-2020-q2-update.win32_2.0.0.202105311346/tools/bin/../lib/gcc/arm-none-eabi/9.3.1/thumb/v7e-m+fp/hard\libgcc.a(_arm_cmpdf2.o)
 .debug_frame   0x0000000000002174       0x24 c:/st/stm32cubeide_1.7.0/stm32cubeide/plugins/com.st.stm32cube.ide.mcu.externaltools.gnu-tools-for-stm32.9-2020-q2-update.win32_2.0.0.202105311346/tools/bin/../lib/gcc/arm-none-eabi/9.3.1/thumb/v7e-m+fp/hard\libgcc.a(_arm_fixunsdfsi.o)
 .debug_frame   0x0000000000002198       0x38 c:/st/stm32cubeide_1.7.0/stm32cubeide/plugins/com.st.stm32cube.ide.mcu.externaltools.gnu-tools-for-stm32.9-2020-q2-update.win32_2.0.0.202105311346/tools/bin/../lib/gcc/arm-none-eabi/9.3.1/thumb/v7e-m+fp/hard\libgcc.a(_fixdfdi.o)
 .debug_frame   0x00000000000021d0       0x2c c:/st/stm32cubeide_1.7.0/stm32cubeide/plugins/com.st.stm32cube.ide.mcu.externaltools.gnu-tools-for-stm32.9-2020-q2-update.win32_2.0.0.202105311346/tools/bin/../lib/gcc/arm-none-eabi/9.3.1/thumb/v7e-m+fp/hard\libgcc.a(_fixunsdfdi.o)
