Archive member included to satisfy reference by file (symbol)

c:/st/stm32cubeide_1.7.0/stm32cubeide/plugins/com.st.stm32cube.ide.mcu.externaltools.gnu-tools-for-stm32.9-2020-q2-update.win32_2.0.0.202105311346/tools/bin/../lib/gcc/arm-none-eabi/9.3.1/../../../../arm-none-eabi/lib/thumb/v7e-m+fp/hard\libm.a(lib_a-s_floor.o)
                              ./Core/Src/Lmx2594.o (floor)
c:/st/stm32cubeide_1.7.0/stm32cubeide/plugins/com.st.stm32cube.ide.mcu.externaltools.gnu-tools-for-stm32.9-2020-q2-update.win32_2.0.0.202105311346/tools/bin/../lib/gcc/arm-none-eabi/9.3.1/../../../../arm-none-eabi/lib/thumb/v7e-m+fp/hard\libm.a(lib_a-s_llround.o)
                              ./Core/Src/Lmx2594.o (llround)
c:/st/stm32cubeide_1.7.0/stm32cubeide/plugins/com.st.stm32cube.ide.mcu.externaltools.gnu-tools-for-stm32.9-2020-q2-update.win32_2.0.0.202105311346/tools/bin/../lib/gcc/arm-none-eabi/9.3.1/../../../../arm-none-eabi/lib/thumb/v7e-m+fp/hard\libc_nano.a(lib_a-errno.o)
                              ./Core/Src/syscalls.o (__errno)
c:/st/stm32cubeide_1.7.0/stm32cubeide/plugins/com.st.stm32cube.ide.mcu.externaltools.gnu-tools-for-stm32.9-2020-q2-update.win32_2.0.0.202105311346/tools/bin/../lib/gcc/arm-none-eabi/9.3.1/../../../../arm-none-eabi/lib/thumb/v7e-m+fp/hard\libc_nano.a(lib_a-exit.o)
                              c:/st/stm32cubeide_1.7.0/stm32cubeide/plugins/com.st.stm32cube.ide.mcu.externaltools.gnu-tools-for-stm32.9-2020-q2-update.win32_2.0.0.202105311346/tools/bin/../lib/gcc/arm-none-eabi/9.3.1/../../../../arm-none-eabi/lib/thumb/v7e-m+fp/hard/crt0.o (exit)
c:/st/stm32cubeide_1.7.0/stm32cubeide/plugins/com.st.stm32cube.ide.mcu.externaltools.gnu-tools-for-stm32.9-2020-q2-update.win32_2.0.0.202105311346/tools/bin/../lib/gcc/arm-none-eabi/9.3.1/../../../../arm-none-eabi/lib/thumb/v7e-m+fp/hard\libc_nano.a(lib_a-impure.o)
                              c:/st/stm32cubeide_1.7.0/stm32cubeide/plugins/com.st.stm32cube.ide.mcu.externaltools.gnu-tools-for-stm32.9-2020-q2-update.win32_2.0.0.202105311346/tools/bin/../lib/gcc/arm-none-eabi/9.3.1/../../../../arm-none-eabi/lib/thumb/v7e-m+fp/hard\libc_nano.a(lib_a-exit.o) (_global_impure_ptr)
c:/st/stm32cubeide_1.7.0/stm32cubeide/plugins/com.st.stm32cube.ide.mcu.externaltools.gnu-tools-for-stm32.9-2020-q2-update.win32_2.0.0.202105311346/tools/bin/../lib/gcc/arm-none-eabi/9.3.1/../../../../arm-none-eabi/lib/thumb/v7e-m+fp/hard\libc_nano.a(lib_a-init.o)
                              c:/st/stm32cubeide_1.7.0/stm32cubeide/plugins/com.st.stm32cube.ide.mcu.externaltools.gnu-tools-for-stm32.9-2020-q2-update.win32_2.0.0.202105311346/tools/bin/../lib/gcc/arm-none-eabi/9.3.1/../../../../arm-none-eabi/lib/thumb/v7e-m+fp/hard/crt0.o (__libc_init_array)
c:/st/stm32cubeide_1.7.0/stm32cubeide/plugins/com.st.stm32cube.ide.mcu.externaltools.gnu-tools-for-stm32.9-2020-q2-update.win32_2.0.0.202105311346/tools/bin/../lib/gcc/arm-none-eabi/9.3.1/../../../../arm-none-eabi/lib/thumb/v7e-m+fp/hard\libc_nano.a(lib_a-memset.o)
                              c:/st/stm32cubeide_1.7.0/stm32cubeide/plugins/com.st.stm32cube.ide.mcu.externaltools.gnu-tools-for-stm32.9-2020-q2-update.win32_2.0.0.202105311346/tools/bin/../lib/gcc/arm-none-eabi/9.3.1/../../../../arm-none-eabi/lib/thumb/v7e-m+fp/hard/crt0.o (memset)
c:/st/stm32cubeide_1.7.0/stm32cubeide/plugins/com.st.stm32cube.ide.mcu.externaltools.gnu-tools-for-stm32.9-2020-q2-update.win32_2.0.0.202105311346/tools/bin/../lib/gcc/arm-none-eabi/9.3.1/thumb/v7e-m+fp/hard\libgcc.a(_arm_muldf3.o)
                              ./Core/Src/Lmx2594.o (__aeabi_dmul)
c:/st/stm32cubeide_1.7.0/stm32cubeide/plugins/com.st.stm32cube.ide.mcu.externaltools.gnu-tools-for-stm32.9-2020-q2-update.win32_2.0.0.202105311346/tools/bin/../lib/gcc/arm-none-eabi/9.3.1/thumb/v7e-m+fp/hard\libgcc.a(_arm_addsubdf3.o)
                              ./Core/Src/Lmx2594.o (__aeabi_dsub)
c:/st/stm32cubeide_1.7.0/stm32cubeide/plugins/com.st.stm32cube.ide.mcu.externaltools.gnu-tools-for-stm32.9-2020-q2-update.win32_2.0.0.202105311346/tools/bin/../lib/gcc/arm-none-eabi/9.3.1/thumb/v7e-m+fp/hard\libgcc.a(_arm_muldivdf3.o)
                              ./Core/Src/Lmx2594.o (__aeabi_ddiv)
c:/st/stm32cubeide_1.7.0/stm32cubeide/plugins/com.st.stm32cube.ide.mcu.externaltools.gnu-tools-for-stm32.9-2020-q2-update.win32_2.0.0.202105311346/tools/bin/../lib/gcc/arm-none-eabi/9.3.1/thumb/v7e-m+fp/hard\libgcc.a(_arm_cmpdf2.o)
                              ./Core/Src/Lmx2594.o (__aeabi_dcmplt)
c:/st/stm32cubeide_1.7.0/stm32cubeide/plugins/com.st.stm32cube.ide.mcu.externaltools.gnu-tools-for-stm32.9-2020-q2-update.win32_2.0.0.202105311346/tools/bin/../lib/gcc/arm-none-eabi/9.3.1/thumb/v7e-m+fp/hard\libgcc.a(_arm_fixunsdfsi.o)
                              ./Core/Src/Lmx2594.o (__aeabi_d2uiz)
[...]
Memory Configuration

Name             Origin             Length             Attributes
RAM              0x0000000020000000 0x0000000000020000 xrw
FLASH            0x0000000008000000 0x0000000000080000 xr
*default*        0x0000000000000000 0xffffffffffffffff

Linker script and memory map

LOAD c:/st/stm32cubeide_1.7.0/stm32cubeide/plugins/com.st.stm32cube.ide.mcu.externaltools.gnu-tools-for-stm32.9-2020-q2-update.win32_2.0.0.202105311346/tools/bin/../lib/gcc/arm-none-eabi/9.3.1/thumb/v7e-m+fp/hard/crti.o
LOAD c:/st/stm32cubeide_1.7.0/stm32cubeide/plugins/com.st.stm32cube.ide.mcu.externaltools.gnu-tools-for-stm32.9-2020-q2-update.win32_2.0.0.202105311346/tools/bin/../lib/gcc/arm-none-eabi/9.3.1/thumb/v7e-m+fp/hard/crtbegin.o
LOAD c:/st/stm32cubeide_1.7.0/stm32cubeide/plugins/com.st.stm32cube.ide.mcu.externaltools.gnu-tools-for-stm32.9-2020-q2-update.win32_2.0.0.202105311346/tools/bin/../lib/gcc/arm-none-eabi/9.3.1/../../../../arm-none-eabi/lib/thumb/v7e-m+fp/hard/crt0.o
LOAD ./Core/Src/Lmx2594.o
LOAD ./Core/Src/gpio.o
LOAD ./Core/Src/main.o
LOAD ./Core/Src/spi.o
LOAD ./Core/Src/stm32g4xx_hal_msp.o
LOAD ./Core/Src/stm32g4xx_it.o
LOAD ./Core/Src/syscalls.o
LOAD ./Core/Src/sysmem.o
LOAD ./Core/Src/system_stm32g4xx.o
LOAD ./Core/Startup/startup_stm32g474retx.o
LOAD ./Drivers/STM32G4xx_HAL_Driver/Src/stm32g4xx_hal.o
LOAD ./Drivers/STM32G4xx_HAL_Driver/Src/stm32g4xx_hal_cortex.o
LOAD ./Drivers/STM32G4xx_HAL_Driver/Src/stm32g4xx_hal_dma.o
LOAD ./Drivers/STM32G4xx_HAL_Driver/Src/stm32g4xx_hal_dma_ex.o
LOAD ./Drivers/STM32G4xx_HAL_Driver/Src/stm32g4xx_hal_exti.o
LOAD ./Drivers/STM32G4xx_HAL_Driver/Src/stm32g4xx_hal_flash.o
LOAD ./Drivers/STM32G4xx_HAL_Driver/Src/stm32g4xx_hal_flash_ex.o
LOAD ./Drivers/STM32G4xx_HAL_Driver/Src/stm32g4xx_hal_flash_ramfunc.o
LOAD ./Drivers/STM32G4xx_HAL_Driver/Src/stm32g4xx_hal_gpio.o
LOAD ./Drivers/STM32G4xx_HAL_Driver/Src/stm32g4xx_hal_pwr.o
LOAD ./Drivers/STM32G4xx_HAL_Driver/Src/stm32g4xx_hal_pwr_ex.o
LOAD ./Drivers/STM32G4xx_HAL_Driver/Src/stm32g4xx_hal_rcc.o
LOAD ./Drivers/STM32G4xx_HAL_Driver/Src/stm32g4xx_hal_rcc_ex.o
LOAD ./Drivers/STM32G4xx_HAL_Driver/Src/stm32g4xx_hal_spi.o
LOAD ./Drivers/STM32G4xx_HAL_Driver/Src/stm32g4xx_hal_spi_ex.o
LOAD ./Drivers/STM32G4xx_HAL_Driver/Src/stm32g4xx_hal_tim.o
LOAD ./Drivers/STM32G4xx_HAL_Driver/Src/stm32g4xx_hal_tim_ex.o
START GROUP
LOAD c:/st/stm32cubeide_1.7.0/stm32cubeide/plugins/com.st.stm32cube.ide.mcu.externaltools.gnu-tools-for-stm32.9-2020-q2-update.win32_2.0.0.202105311346/tools/bin/../lib/gcc/arm-none-eabi/9.3.1/../../../../arm-none-eabi/lib/thumb/v7e-m+fp/hard\libstdc++_nano.a
LOAD c:/st/stm32cubeide_1.7.0/stm32cubeide/plugins/com.st.stm32cube.ide.mcu.externaltools.gnu-tools-for-stm32.9-2020-q2-update.win32_2.0.0.202105311346/tools/bin/../lib/gcc/arm-none-eabi/9.3.1/../../../../arm-none-eabi/lib/thumb/v7e-m+fp/hard\libsupc++_nano.a
END GROUP
LOAD c:/st/stm32cubeide_1.7.0/stm32cubeide/plugins/com.st.stm32cube.ide.mcu.externaltools.gnu-tools-for-stm32.9-2020-q2-update.win32_2.0.0.202105311346/tools/bin/../lib/gcc/arm-none-eabi/9.3.1/../../../../arm-none-eabi/lib/thumb/v7e-m+fp/hard\libstdc++_nano.a
LOAD c:/st/stm32cubeide_1.7.0/stm32cubeide/plugins/com.st.stm32cube.ide.mcu.externaltools.gnu-tools-for-stm32.9-2020-q2-update.win32_2.0.0.202105311346/tools/bin/../lib/gcc/arm-none-eabi/9.3.1/../../../../arm-none-eabi/lib/thumb/v7e-m+fp/hard\libm.a
LOAD c:/st/stm32cubeide_1.7.0/stm32cubeide/plugins/com.st.stm32cube.ide.mcu.externaltools.gnu-tools-for-stm32.9-2020-q2-update.win32_2.0.0.202105311346/tools/bin/../lib/gcc/arm-none-eabi/9.3.1/../../../../arm-none-eabi/lib/thumb/v7e-m+fp/hard\libc_nano.a
START GROUP
LOAD c:/st/stm32cubeide_1.7.0/stm32cubeide/plugins/com.st.stm32cube.ide.mcu.externaltools.gnu-tools-for-stm32.9-2020-q2-update.win32_2.0.0.202105311346/tools/bin/../lib/gcc/arm-none-eabi/9.3.1/thumb/v7e-m+fp/hard\libgcc.a
LOAD c:/st/stm32cubeide_1.7.0/stm32cubeide/plugins/com.st.stm32cube.ide.mcu.externaltools.gnu-tools-for-stm32.9-2020-q2-update.win32_2.0.0.202105311346/tools/bin/../lib/gcc/arm-none-eabi/9.3.1/../../../../arm-none-eabi/lib/thumb/v7e-m+fp/hard\libc_nano.a
END GROUP
START GROUP
LOAD c:/st/stm32cubeide_1.7.0/stm32cubeide/plugins/com.st.stm32cube.ide.mcu.externaltools.gnu-tools-for-stm32.9-2020-q2-update.win32_2.0.0.202105311346/tools/bin/../lib/gcc/arm-none-eabi/9.3.1/thumb/v7e-m+fp/hard\libgcc.a
LOAD c:/st/stm32cubeide_1.7.0/stm32cubeide/plugins/com.st.stm32cube.ide.mcu.externaltools.gnu-tools-for-stm32.9-2020-q2-update.win32_2.0.0.202105311346/tools/bin/../lib/gcc/arm-none-eabi/9.3.1/../../../../arm-none-eabi/lib/thumb/v7e-m+fp/hard\libc_nano.a
END GROUP
LOAD c:/st/stm32cubeide_1.7.0/stm32cubeide/plugins/com.st.stm32cube.ide.mcu.externaltools.gnu-tools-for-stm32.9-2020-q2-update.win32_2.0.0.202105311346/tools/bin/../lib/gcc/arm-none-eabi/9.3.1/thumb/v7e-m+fp/hard/crtend.o
LOAD c:/st/stm32cubeide_1.7.0/stm32cubeide/plugins/com.st.stm32cube.ide.mcu.externaltools.gnu-tools-for-stm32.9-2020-q2-update.win32_2.0.0.202105311346/tools/bin/../lib/gcc/arm-none-eabi/9.3.1/thumb/v7e-m+fp/hard/crtn.o
                0x0000000020020000                _estack = (ORIGIN (RAM) + LENGTH (RAM))
                0x0000000000000200                _Min_Heap_Size = 0x200
                0x0000000000000400                _Min_Stack_Size = 0x400

.isr_vector     0x0000000008000000      0x1d8
                0x0000000008000000                . = ALIGN (0x4)
 *(.isr_vector)
 .isr_vector    0x0000000008000000      0x1d8 ./Core/Startup/startup_stm32g474retx.o
                0x0000000008000000                g_pfnVectors
                0x00000000080001d8                . = ALIGN (0x4)

.text           0x00000000080001d8     0x1864
                0x00000000080001d8                . = ALIGN (0x4)
 *(.text)
 .text          0x00000000080001d8       0x40 c:/st/stm32cubeide_1.7.0/stm32cubeide/plugins/com.st.stm32cube.ide.mcu.externaltools.gnu-tools-for-stm32.9-2020-q2-update.win32_2.0.0.202105311346/tools/bin/../lib/gcc/arm-none-eabi/9.3.1/thumb/v7e-m+fp/hard/crtbegin.o
 *(.text*)
 .text._ZN7Lmx2594C2EP19__SPI_HandleTypeDefRKNS_4PinsERKNS_9RefConfigE
                0x0000000008000218       0x9e ./Core/Src/Lmx2594.o
                0x0000000008000218                Lmx2594::Lmx2594(__SPI_HandleTypeDef*, Lmx2594::Pins const&, Lmx2594::RefConfig const&)
                0x0000000008000218                Lmx2594::Lmx2594(__SPI_HandleTypeDef*, Lmx2594::Pins const&, Lmx2594::RefConfig const&)
 *fill*         0x00000000080002b6        0x2 
 .text.MX_GPIO_Init
                0x00000000080002b8       0xcc ./Core/Src/gpio.o
                0x00000000080002b8                MX_GPIO_Init
 .text.main     0x0000000008000384       0x34 ./Core/Src/main.o
                0x0000000008000384                main
 .text._Z18SystemClock_Configv
                0x00000000080003b8       0x94 ./Core/Src/main.o
                0x00000000080003b8                SystemClock_Config()
 .text.Error_Handler
                0x000000000800044c        0xa ./Core/Src/main.o
                0x000000000800044c                Error_Handler
 *fill*         0x0000000008000456        0x2 
 .text._Z41__static_initialization_and_destruction_0ii
                0x0000000008000458       0x40 ./Core/Src/main.o
 .text._GLOBAL__sub_I_g_lmxPins
                0x0000000008000498       0x10 ./Core/Src/main.o
 .text.MX_SPI2_Init
                0x00000000080004a8       0x7c ./Core/Src/spi.o
                0x00000000080004a8                MX_SPI2_Init
 .text.HAL_SPI_MspInit
                0x0000000008000524       0x88 ./Core/Src/spi.o
                0x0000000008000524                HAL_SPI_MspInit
 .text.HAL_MspInit
                0x00000000080005ac       0x48 ./Core/Src/stm32g4xx_hal_msp.o
                0x00000000080005ac                HAL_MspInit
 .text.NMI_Handler
                0x00000000080005f4        0x6 ./Core/Src/stm32g4xx_it.o
                0x00000000080005f4                NMI_Handler
 .text.HardFault_Handler
                0x00000000080005fa        0x6 ./Core/Src/stm32g4xx_it.o
                0x00000000080005fa                HardFault_Handler
 .text.MemManage_Handler
                0x0000000008000600        0x6 ./Core/Src/stm32g4xx_it.o
                0x0000000008000600                MemManage_Handler
 .text.BusFault_Handler
                0x0000000008000606        0x6 ./Core/Src/stm32g4xx_it.o
                0x0000000008000606                BusFault_Handler
 .text.UsageFault_Handler
                0x000000000800060c        0x6 ./Core/Src/stm32g4xx_it.o
                0x000000000800060c                UsageFault_Handler
 .text.SVC_Handler
                0x0000000008000612        0xe ./Core/Src/stm32g4xx_it.o
                0x0000000008000612                SVC_Handler
 .text.DebugMon_Handler
                0x0000000008000620        0xe ./Core/Src/stm32g4xx_it.o
                0x0000000008000620                DebugMon_Handler
 .text.PendSV_Handler
                0x000000000800062e        0xe ./Core/Src/stm32g4xx_it.o
                0x000000000800062e                PendSV_Handler
 .text.SysTick_Handler
                0x000000000800063c        0xc ./Core/Src/stm32g4xx_it.o
                0x000000000800063c                SysTick_Handler
 .text.SystemInit
                0x0000000008000648       0x24 ./Core/Src/system_stm32g4xx.o
                0x0000000008000648                SystemInit
 .text.Reset_Handler
                0x000000000800066c       0x50 ./Core/Startup/startup_stm32g474retx.o
                0x000000000800066c                Reset_Handler
 .text.Default_Handler
                0x00000000080006bc        0x2 ./Core/Startup/startup_stm32g474retx.o
                0x00000000080006bc                RTC_Alarm_IRQHandler
                0x00000000080006bc                EXTI2_IRQHandler
                0x00000000080006bc                TIM8_TRG_COM_IRQHandler
                0x00000000080006bc                TIM8_CC_IRQHandler
                0x00000000080006bc                HRTIM1_Master_IRQHandler
                0x00000000080006bc                SPI4_IRQHandler
                0x00000000080006bc                FDCAN3_IT0_IRQHandler
                0x00000000080006bc                TIM1_CC_IRQHandler
                0x00000000080006bc                HRTIM1_FLT_IRQHandler
                0x00000000080006bc                HRTIM1_TIMF_IRQHandler
                0x00000000080006bc                USB_HP_IRQHandler
                0x00000000080006bc                CORDIC_IRQHandler
                0x00000000080006bc                HRTIM1_TIMD_IRQHandler
                0x00000000080006bc                DMA2_Channel8_IRQHandler
                0x00000000080006bc                EXTI3_IRQHandler
                0x00000000080006bc                I2C3_ER_IRQHandler
                0x00000000080006bc                EXTI0_IRQHandler
                0x00000000080006bc                I2C2_EV_IRQHandler
                0x00000000080006bc                FPU_IRQHandler
                0x00000000080006bc                FDCAN1_IT1_IRQHandler
                0x00000000080006bc                TIM1_UP_TIM16_IRQHandler
                0x00000000080006bc                ADC1_2_IRQHandler
                0x00000000080006bc                HRTIM1_TIME_IRQHandler
                0x00000000080006bc                SPI1_IRQHandler
                0x00000000080006bc                TIM6_DAC_IRQHandler
                0x00000000080006bc                HRTIM1_TIMC_IRQHandler
                0x00000000080006bc                TIM8_UP_IRQHandler
                0x00000000080006bc                DMA2_Channel2_IRQHandler
                0x00000000080006bc                DMA1_Channel4_IRQHandler
                0x00000000080006bc                TIM20_TRG_COM_IRQHandler
                0x00000000080006bc                USART3_IRQHandler
                0x00000000080006bc                DMA1_Channel7_IRQHandler
                0x00000000080006bc                UART5_IRQHandler
                0x00000000080006bc                ADC3_IRQHandler
                0x00000000080006bc                TIM4_IRQHandler
                0x00000000080006bc                DMA2_Channel1_IRQHandler
                0x00000000080006bc                QUADSPI_IRQHandler
                0x00000000080006bc                I2C1_EV_IRQHandler
                0x00000000080006bc                DMA1_Channel6_IRQHandler
                0x00000000080006bc                UART4_IRQHandler
                0x00000000080006bc                DMA2_Channel4_IRQHandler
                0x00000000080006bc                TIM3_IRQHandler
                0x00000000080006bc                RCC_IRQHandler
                0x00000000080006bc                TIM20_UP_IRQHandler
                0x00000000080006bc                DMA1_Channel1_IRQHandler
                0x00000000080006bc                Default_Handler
                0x00000000080006bc                DMA2_Channel7_IRQHandler
                0x00000000080006bc                RTC_TAMP_LSECSS_IRQHandler
                0x00000000080006bc                FMAC_IRQHandler
                0x00000000080006bc                EXTI15_10_IRQHandler
                0x00000000080006bc                DMA1_Channel8_IRQHandler
                0x00000000080006bc                HRTIM1_TIMA_IRQHandler
                0x00000000080006bc                TIM7_DAC_IRQHandler
                0x00000000080006bc                FDCAN3_IT1_IRQHandler
                0x00000000080006bc                TIM5_IRQHandler
                0x00000000080006bc                UCPD1_IRQHandler
                0x00000000080006bc                I2C3_EV_IRQHandler
                0x00000000080006bc                EXTI9_5_IRQHandler
                0x00000000080006bc                RTC_WKUP_IRQHandler
                0x00000000080006bc                PVD_PVM_IRQHandler
                0x00000000080006bc                SPI2_IRQHandler
                0x00000000080006bc                ADC5_IRQHandler
                0x00000000080006bc                DMA2_Channel5_IRQHandler
                0x00000000080006bc                CRS_IRQHandler
                0x00000000080006bc                DMA1_Channel5_IRQHandler
                0x00000000080006bc                USB_LP_IRQHandler
                0x00000000080006bc                EXTI4_IRQHandler
                0x00000000080006bc                RNG_IRQHandler
                0x00000000080006bc                HRTIM1_TIMB_IRQHandler
                0x00000000080006bc                TIM1_TRG_COM_TIM17_IRQHandler
                0x00000000080006bc                FDCAN2_IT1_IRQHandler
                0x00000000080006bc                DMA1_Channel3_IRQHandler
                0x00000000080006bc                ADC4_IRQHandler
                0x00000000080006bc                WWDG_IRQHandler
                0x00000000080006bc                I2C4_EV_IRQHandler
                0x00000000080006bc                FDCAN2_IT0_IRQHandler
                0x00000000080006bc                LPUART1_IRQHandler
                0x00000000080006bc                DMA2_Channel6_IRQHandler
                0x00000000080006bc                FDCAN1_IT0_IRQHandler
                0x00000000080006bc                TIM2_IRQHandler
                0x00000000080006bc                COMP7_IRQHandler
                0x00000000080006bc                COMP1_2_3_IRQHandler
                0x00000000080006bc                EXTI1_IRQHandler
                0x00000000080006bc                USART2_IRQHandler
                0x00000000080006bc                COMP4_5_6_IRQHandler
                0x00000000080006bc                TIM20_BRK_IRQHandler
                0x00000000080006bc                I2C2_ER_IRQHandler
                0x00000000080006bc                DMA1_Channel2_IRQHandler
                0x00000000080006bc                TIM8_BRK_IRQHandler
                0x00000000080006bc                FLASH_IRQHandler
                0x00000000080006bc                TIM20_CC_IRQHandler
                0x00000000080006bc                USART1_IRQHandler
                0x00000000080006bc                SPI3_IRQHandler
                0x00000000080006bc                I2C1_ER_IRQHandler
                0x00000000080006bc                FMC_IRQHandler
                0x00000000080006bc                LPTIM1_IRQHandler
                0x00000000080006bc                DMAMUX_OVR_IRQHandler
                0x00000000080006bc                I2C4_ER_IRQHandler
                0x00000000080006bc                USBWakeUp_IRQHandler
                0x00000000080006bc                SAI1_IRQHandler
                0x00000000080006bc                DMA2_Channel3_IRQHandler
                0x00000000080006bc                TIM1_BRK_TIM15_IRQHandler
 .text.HAL_Init
                0x00000000080006be       0x30 ./Drivers/STM32G4xx_HAL_Driver/Src/stm32g4xx_hal.o
                0x00000000080006be                HAL_Init
 *fill*         0x00000000080006ee        0x2 
 .text.HAL_InitTick
                0x00000000080006f0       0x74 ./Drivers/STM32G4xx_HAL_Driver/Src/stm32g4xx_hal.o
                0x00000000080006f0                HAL_InitTick
 .text.HAL_IncTick
                0x0000000008000764       0x24 ./Drivers/STM32G4xx_HAL_Driver/Src/stm32g4xx_hal.o
                0x0000000008000764                HAL_IncTick
 .text.HAL_GetTick
                0x0000000008000788       0x18 ./Drivers/STM32G4xx_HAL_Driver/Src/stm32g4xx_hal.o
                0x0000000008000788                HAL_GetTick
 .text.HAL_Delay
                0x00000000080007a0       0x44 ./Drivers/STM32G4xx_HAL_Driver/Src/stm32g4xx_hal.o
                0x00000000080007a0                HAL_Delay
 .text.__NVIC_SetPriorityGrouping
                0x00000000080007e4       0x48 ./Drivers/STM32G4xx_HAL_Driver/Src/stm32g4xx_hal_cortex.o
 .text.__NVIC_GetPriorityGrouping
                0x000000000800082c       0x1c ./Drivers/STM32G4xx_HAL_Driver/Src/stm32g4xx_hal_cortex.o
 .text.__NVIC_SetPriority
                0x0000000008000848       0x54 ./Drivers/STM32G4xx_HAL_Driver/Src/stm32g4xx_hal_cortex.o
 .text.NVIC_EncodePriority
                0x000000000800089c       0x66 ./Drivers/STM32G4xx_HAL_Driver/Src/stm32g4xx_hal_cortex.o
 *fill*         0x0000000008000902        0x2 
 .text.SysTick_Config
                0x0000000008000904       0x44 ./Drivers/STM32G4xx_HAL_Driver/Src/stm32g4xx_hal_cortex.o
 .text.HAL_NVIC_SetPriorityGrouping
                0x0000000008000948       0x16 ./Drivers/STM32G4xx_HAL_Driver/Src/stm32g4xx_hal_cortex.o
                0x0000000008000948                HAL_NVIC_SetPriorityGrouping
 .text.HAL_NVIC_SetPriority
                0x000000000800095e       0x34 ./Drivers/STM32G4xx_HAL_Driver/Src/stm32g4xx_hal_cortex.o
                0x000000000800095e                HAL_NVIC_SetPriority
 .text.HAL_SYSTICK_Config
                0x0000000008000992       0x18 ./Drivers/STM32G4xx_HAL_Driver/Src/stm32g4xx_hal_cortex.o
                0x0000000008000992                HAL_SYSTICK_Config
 *fill*         0x00000000080009aa        0x2 
 .text.HAL_GPIO_Init
                0x00000000080009ac      0x304 ./Drivers/STM32G4xx_HAL_Driver/Src/stm32g4xx_hal_gpio.o
                0x00000000080009ac                HAL_GPIO_Init
 .text.HAL_GPIO_WritePin
                0x0000000008000cb0       0x30 ./Drivers/STM32G4xx_HAL_Driver/Src/stm32g4xx_hal_gpio.o
                0x0000000008000cb0                HAL_GPIO_WritePin
 .text.HAL_GPIO_TogglePin
                0x0000000008000ce0       0x34 ./Drivers/STM32G4xx_HAL_Driver/Src/stm32g4xx_hal_gpio.o
                0x0000000008000ce0                HAL_GPIO_TogglePin
 .text.HAL_PWREx_ControlVoltageScaling
                0x0000000008000d14      0x148 ./Drivers/STM32G4xx_HAL_Driver/Src/stm32g4xx_hal_pwr_ex.o
                0x0000000008000d14                HAL_PWREx_ControlVoltageScaling
 .text.HAL_PWREx_DisableUCPDDeadBattery
                0x0000000008000e5c       0x20 ./Drivers/STM32G4xx_HAL_Driver/Src/stm32g4xx_hal_pwr_ex.o
                0x0000000008000e5c                HAL_PWREx_DisableUCPDDeadBattery
 .text.HAL_RCC_OscConfig
                0x0000000008000e7c      0x630 ./Drivers/STM32G4xx_HAL_Driver/Src/stm32g4xx_hal_rcc.o
                0x0000000008000e7c                HAL_RCC_OscConfig
 .text.HAL_RCC_ClockConfig
                0x00000000080014ac      0x278 ./Drivers/STM32G4xx_HAL_Driver/Src/stm32g4xx_hal_rcc.o
                0x00000000080014ac                HAL_RCC_ClockConfig
 .text.HAL_RCC_GetSysClockFreq
                0x0000000008001724       0xc4 ./Drivers/STM32G4xx_HAL_Driver/Src/stm32g4xx_hal_rcc.o
                0x0000000008001724                HAL_RCC_GetSysClockFreq
 .text.RCC_GetSysClockFreqFromPLLSource
                0x00000000080017e8       0x8c ./Drivers/STM32G4xx_HAL_Driver/Src/stm32g4xx_hal_rcc.o
 .text.HAL_SPI_Init
                0x0000000008001874      0x156 ./Drivers/STM32G4xx_HAL_Driver/Src/stm32g4xx_hal_spi.o
                0x0000000008001874                HAL_SPI_Init
 *fill*         0x00000000080019ca        0x2 
 .text.__libc_init_array
                0x00000000080019cc       0x48 c:/st/stm32cubeide_1.7.0/stm32cubeide/plugins/com.st.stm32cube.ide.mcu.externaltools.gnu-tools-for-stm32.9-2020-q2-update.win32_2.0.0.202105311346/tools/bin/../lib/gcc/arm-none-eabi/9.3.1/../../../../arm-none-eabi/lib/thumb/v7e-m+fp/hard\libc_nano.a(lib_a-init.o)
                0x00000000080019cc                __libc_init_array
 .text.memset   0x0000000008001a14       0x10 c:/st/stm32cubeide_1.7.0/stm32cubeide/plugins/com.st.stm32cube.ide.mcu.externaltools.gnu-tools-for-stm32.9-2020-q2-update.win32_2.0.0.202105311346/tools/bin/../lib/gcc/arm-none-eabi/9.3.1/../../../../arm-none-eabi/lib/thumb/v7e-m+fp/hard\libc_nano.a(lib_a-memset.o)
                0x0000000008001a14                memset
 *(.glue_7)
 .glue_7        0x0000000008001a24        0x0 linker stubs
 *(.glue_7t)
 .glue_7t       0x0000000008001a24        0x0 linker stubs
 *(.eh_frame)
 .eh_frame      0x0000000008001a24        0x0 c:/st/stm32cubeide_1.7.0/stm32cubeide/plugins/com.st.stm32cube.ide.mcu.externaltools.gnu-tools-for-stm32.9-2020-q2-update.win32_2.0.0.202105311346/tools/bin/../lib/gcc/arm-none-eabi/9.3.1/thumb/v7e-m+fp/hard/crtbegin.o
 *(.init)
 .init          0x0000000008001a24        0x4 c:/st/stm32cubeide_1.7.0/stm32cubeide/plugins/com.st.stm32cube.ide.mcu.externaltools.gnu-tools-for-stm32.9-2020-q2-update.win32_2.0.0.202105311346/tools/bin/../lib/gcc/arm-none-eabi/9.3.1/thumb/v7e-m+fp/hard/crti.o
                0x0000000008001a24                _init
 .init          0x0000000008001a28        0x8 c:/st/stm32cubeide_1.7.0/stm32cubeide/plugins/com.st.stm32cube.ide.mcu.externaltools.gnu-tools-for-stm32.9-2020-q2-update.win32_2.0.0.202105311346/tools/bin/../lib/gcc/arm-none-eabi/9.3.1/thumb/v7e-m+fp/hard/crtn.o
 *(.fini)
 .fini          0x0000000008001a30        0x4 c:/st/stm32cubeide_1.7.0/stm32cubeide/plugins/com.st.stm32cube.ide.mcu.externaltools.gnu-tools-for-stm32.9-2020-q2-update.win32_2.0.0.202105311346/tools/bin/../lib/gcc/arm-none-eabi/9.3.1/thumb/v7e-m+fp/hard/crti.o
                0x0000000008001a30                _fini
 .fini          0x0000000008001a34        0x8 c:/st/stm32cubeide_1.7.0/stm32cubeide/plugins/com.st.stm32cube.ide.mcu.externaltools.gnu-tools-for-stm32.9-2020-q2-update.win32_2.0.0.202105311346/tools/bin/../lib/gcc/arm-none-eabi/9.3.1/thumb/v7e-m+fp/hard/crtn.o
                0x0000000008001a3c                . = ALIGN (0x4)
                0x0000000008001a3c                _etext = .

.vfp11_veneer   0x0000000008001a3c        0x0
 .vfp11_veneer  0x0000000008001a3c        0x0 linker stubs

.v4_bx          0x0000000008001a3c        0x0
 .v4_bx         0x0000000008001a3c        0x0 linker stubs

.iplt           0x0000000008001a3c        0x0
 .iplt          0x0000000008001a3c        0x0 c:/st/stm32cubeide_1.7.0/stm32cubeide/plugins/com.st.stm32cube.ide.mcu.externaltools.gnu-tools-for-stm32.9-2020-q2-update.win32_2.0.0.202105311346/tools/bin/../lib/gcc/arm-none-eabi/9.3.1/thumb/v7e-m+fp/hard/crtbegin.o

.rodata         0x0000000008001a3c       0x10
                0x0000000008001a3c                . = ALIGN (0x4)
 *(.rodata)
 *(.rodata*)
 .rodata.AHBPrescTable
                0x0000000008001a3c       0x10 ./Core/Src/system_stm32g4xx.o
                0x0000000008001a3c                AHBPrescTable
                0x0000000008001a4c                . = ALIGN (0x4)

.rel.dyn        0x0000000008001a4c        0x0
 .rel.iplt      0x0000000008001a4c        0x0 c:/st/stm32cubeide_1.7.0/stm32cubeide/plugins/com.st.stm32cube.ide.mcu.externaltools.gnu-tools-for-stm32.9-2020-q2-update.win32_2.0.0.202105311346/tools/bin/../lib/gcc/arm-none-eabi/9.3.1/thumb/v7e-m+fp/hard/crtbegin.o

.ARM.extab      0x0000000008001a4c        0x0
                0x0000000008001a4c                . = ALIGN (0x4)
 *(.ARM.extab* .gnu.linkonce.armextab.*)
                0x0000000008001a4c                . = ALIGN (0x4)

.ARM            0x0000000008001a4c        0x0
                0x0000000008001a4c                . = ALIGN (0x4)
                0x0000000008001a4c                __exidx_start = .
 *(.ARM.exidx*)
                0x0000000008001a4c                __exidx_end = .
                0x0000000008001a4c                . = ALIGN (0x4)

.preinit_array  0x0000000008001a4c        0x0
                0x0000000008001a4c                . = ALIGN (0x4)
                0x0000000008001a4c                PROVIDE (__preinit_array_start = .)
 *(.preinit_array*)
                0x0000000008001a4c                PROVIDE (__preinit_array_end = .)
                0x0000000008001a4c                . = ALIGN (0x4)

.init_array     0x0000000008001a4c        0x8
                0x0000000008001a4c                . = ALIGN (0x4)
                0x0000000008001a4c                PROVIDE (__init_array_start = .)
 *(SORT_BY_NAME(.init_array.*))
 *(.init_array*)
 .init_array    0x0000000008001a4c        0x4 c:/st/stm32cubeide_1.7.0/stm32cubeide/plugins/com.st.stm32cube.ide.mcu.externaltools.gnu-tools-for-stm32.9-2020-q2-update.win32_2.0.0.202105311346/tools/bin/../lib/gcc/arm-none-eabi/9.3.1/thumb/v7e-m+fp/hard/crtbegin.o
 .init_array    0x0000000008001a50        0x4 ./Core/Src/main.o
                0x0000000008001a54                PROVIDE (__init_array_end = .)
                0x0000000008001a54                . = ALIGN (0x4)

.fini_array     0x0000000008001a54        0x4
                0x0000000008001a54                . = ALIGN (0x4)
                [!provide]                        PROVIDE (__fini_array_start = .)
 *(SORT_BY_NAME(.fini_array.*))
 *(.fini_array*)
 .fini_array    0x0000000008001a54        0x4 c:/st/stm32cubeide_1.7.0/stm32cubeide/plugins/com.st.stm32cube.ide.mcu.externaltools.gnu-tools-for-stm32.9-2020-q2-update.win32_2.0.0.202105311346/tools/bin/../lib/gcc/arm-none-eabi/9.3.1/thumb/v7e-m+fp/hard/crtbegin.o
                [!provide]                        PROVIDE (__fini_array_end = .)
                0x0000000008001a58                . = ALIGN (0x4)
                0x0000000008001a58                _sidata = LOADADDR (.data)

.data           0x0000000020000000       0x2c load address 0x0000000008001a58
                0x0000000020000000                . = ALIGN (0x4)
                0x0000000020000000                _sdata = .
 *(.data)
 *(.data*)
 .data.g_lmxPins
                0x0000000020000000       0x10 ./Core/Src/main.o
                0x0000000020000000                g_lmxPins
 .data.g_lmxRef
                0x0000000020000010       0x10 ./Core/Src/main.o
                0x0000000020000010                g_lmxRef
 .data.SystemCoreClock
                0x0000000020000020        0x4 ./Core/Src/system_stm32g4xx.o
                0x0000000020000020                SystemCoreClock
 .data.uwTickPrio
                0x0000000020000024        0x4 ./Drivers/STM32G4xx_HAL_Driver/Src/stm32g4xx_hal.o
                0x0000000020000024                uwTickPrio
 .data.uwTickFreq
                0x0000000020000028        0x4 ./Drivers/STM32G4xx_HAL_Driver/Src/stm32g4xx_hal.o
                0x0000000020000028                uwTickFreq
 *(.RamFunc)
 *(.RamFunc*)
                0x000000002000002c                . = ALIGN (0x4)
                0x000000002000002c                _edata = .

.igot.plt       0x000000002000002c        0x0 load address 0x0000000008001a84
 .igot.plt      0x000000002000002c        0x0 c:/st/stm32cubeide_1.7.0/stm32cubeide/plugins/com.st.stm32cube.ide.mcu.externaltools.gnu-tools-for-stm32.9-2020-q2-update.win32_2.0.0.202105311346/tools/bin/../lib/gcc/arm-none-eabi/9.3.1/thumb/v7e-m+fp/hard/crtbegin.o
                0x000000002000002c                . = ALIGN (0x4)

.bss            0x0000000020000030       0xd0 load address 0x0000000008001a84
                0x0000000020000030                _sbss = .
                0x0000000020000030                __bss_start__ = _sbss
 *(.bss)
 .bss           0x0000000020000030       0x1c c:/st/stm32cubeide_1.7.0/stm32cubeide/plugins/com.st.stm32cube.ide.mcu.externaltools.gnu-tools-for-stm32.9-2020-q2-update.win32_2.0.0.202105311346/tools/bin/../lib/gcc/arm-none-eabi/9.3.1/thumb/v7e-m+fp/hard/crtbegin.o
 *(.bss*)
 *fill*         0x000000002000004c        0x4 
 .bss._ZL5g_lmx
                0x0000000020000050       0x48 ./Core/Src/main.o
 *(COMMON)
 COMMON         0x0000000020000098       0x64 ./Core/Src/spi.o
                0x0000000020000098                hspi2
 COMMON         0x00000000200000fc        0x4 ./Drivers/STM32G4xx_HAL_Driver/Src/stm32g4xx_hal.o
                0x00000000200000fc                uwTick
                0x0000000020000100                . = ALIGN (0x4)
                0x0000000020000100                _ebss = .
                0x0000000020000100                __bss_end__ = _ebss

._user_heap_stack
                0x0000000020000100      0x600 load address 0x0000000008001a84
                0x0000000020000100                . = ALIGN (0x8)
                [!provide]                        PROVIDE (end = .)
                0x0000000020000100                PROVIDE (_end = .)
                0x0000000020000300                . = (. + _Min_Heap_Size)
 *fill*         0x0000000020000100      0x200 
                0x0000000020000700                . = (. + _Min_Stack_Size)
 *fill*         0x0000000020000300      0x400 
                0x0000000020000700                . = ALIGN (0x8)

/DISCARD/
 libc.a(*)
 libm.a(*)
 libgcc.a(*)

.ARM.attributes
                0x0000000000000000       0x30
 *(.ARM.attributes)
 .ARM.attributes
                0x0000000000000000       0x1e c:/st/stm32cubeide_1.7.0/stm32cubeide/plugins/com.st.stm32cube.ide.mcu.externaltools.gnu-tools-for-stm32.9-2020-q2-update.win32_2.0.0.202105311346/tools/bin/../lib/gcc/arm-none-eabi/9.3.1/thumb/v7e-m+fp/hard/crti.o
 .ARM.attributes
                0x000000000000001e       0x34 c:/st/stm32cubeide_1.7.0/stm32cubeide/plugins/com.st.stm32cube.ide.mcu.externaltools.gnu-tools-for-stm32.9-2020-q2-update.win32_2.0.0.202105311346/tools/bin/../lib/gcc/arm-none-eabi/9.3.1/thumb/v7e-m+fp/hard/crtbegin.o
 .ARM.attributes
                0x0000000000000052       0x34 ./Core/Src/Lmx2594.o
 .ARM.attributes
                0x0000000000000086       0x34 ./Core/Src/gpio.o
 .ARM.attributes
                0x00000000000000ba       0x34 ./Core/Src/main.o
 .ARM.attributes
                0x00000000000000ee       0x34 ./Core/Src/spi.o
 .ARM.attributes
                0x0000000000000122       0x34 ./Core/Src/stm32g4xx_hal_msp.o
 .ARM.attributes
                0x0000000000000156       0x34 ./Core/Src/stm32g4xx_it.o
 .ARM.attributes
                0x000000000000018a       0x34 ./Core/Src/system_stm32g4xx.o
 .ARM.attributes
                0x00000000000001be       0x21 ./Core/Startup/startup_stm32g474retx.o
 .ARM.attributes
                0x00000000000001df       0x34 ./Drivers/STM32G4xx_HAL_Driver/Src/stm32g4xx_hal.o
 .ARM.attributes
                0x0000000000000213       0x34 ./Drivers/STM32G4xx_HAL_Driver/Src/stm32g4xx_hal_cortex.o
 .ARM.attributes
                0x0000000000000247       0x34 ./Drivers/STM32G4xx_HAL_Driver/Src/stm32g4xx_hal_gpio.o
 .ARM.attributes
                0x000000000000027b       0x34 ./Drivers/STM32G4xx_HAL_Driver/Src/stm32g4xx_hal_pwr_ex.o
 .ARM.attributes
                0x00000000000002af       0x34 ./Drivers/STM32G4xx_HAL_Driver/Src/stm32g4xx_hal_rcc.o
 .ARM.attributes
                0x00000000000002e3       0x34 ./Drivers/STM32G4xx_HAL_Driver/Src/stm32g4xx_hal_spi.o
 .ARM.attributes
                0x0000000000000317       0x34 c:/st/stm32cubeide_1.7.0/stm32cubeide/plugins/com.st.stm32cube.ide.mcu.externaltools.gnu-tools-for-stm32.9-2020-q2-update.win32_2.0.0.202105311346/tools/bin/../lib/gcc/arm-none-eabi/9.3.1/../../../../arm-none-eabi/lib/thumb/v7e-m+fp/hard\libc_nano.a(lib_a-init.o)
 .ARM.attributes
                0x000000000000034b       0x34 c:/st/stm32cubeide_1.7.0/stm32cubeide/plugins/com.st.stm32cube.ide.mcu.externaltools.gnu-tools-for-stm32.9-2020-q2-update.win32_2.0.0.202105311346/tools/bin/../lib/gcc/arm-none-eabi/9.3.1/../../../../arm-none-eabi/lib/thumb/v7e-m+fp/hard\libc_nano.a(lib_a-memset.o)
 .ARM.attributes
                0x000000000000037f       0x1e c:/st/stm32cubeide_1.7.0/stm32cubeide/plugins/com.st.stm32cube.ide.mcu.externaltools.gnu-tools-for-stm32.9-2020-q2-update.win32_2.0.0.202105311346/tools/bin/../lib/gcc/arm-none-eabi/9.3.1/thumb/v7e-m+fp/hard/crtn.o
OUTPUT(LMX2594_V1.elf elf32-littlearm)
LOAD linker stubs
LOAD c:/st/stm32cubeide_1.7.0/stm32cubeide/plugins/com.st.stm32cube.ide.mcu.externaltools.gnu-tools-for-stm32.9-2020-q2-update.win32_2.0.0.202105311346/tools/bin/../lib/gcc/arm-none-eabi/9.3.1/../../../../arm-none-eabi/lib/thumb/v7e-m+fp/hard\libc.a
LOAD c:/st/stm32cubeide_1.7.0/stm32cubeide/plugins/com.st.stm32cube.ide.mcu.externaltools.gnu-tools-for-stm32.9-2020-q2-update.win32_2.0.0.202105311346/tools/bin/../lib/gcc/arm-none-eabi/9.3.1/../../../../arm-none-eabi/lib/thumb/v7e-m+fp/hard\libm.a
LOAD c:/st/stm32cubeide_1.7.0/stm32cubeide/plugins/com.st.stm32cube.ide.mcu.externaltools.gnu-tools-for-stm32.9-2020-q2-update.win32_2.0.0.202105311346/tools/bin/../lib/gcc/arm-none-eabi/9.3.1/thumb/v7e-m+fp/hard\libgcc.a

.debug_info     0x0000000000000000     0xf4f2
 .debug_info    0x0000000000000000     0x3fab ./Core/Src/Lmx2594.o
 .debug_info    0x0000000000003fab      0x65a ./Core/Src/gpio.o
 .debug_info    0x0000000000004605     0x38a8 ./Core/Src/main.o
 .debug_info    0x0000000000007ead      0xcbb ./Core/Src/spi.o
 .debug_info    0x0000000000008b68      0x508 ./Core/Src/stm32g4xx_hal_msp.o
 .debug_info    0x0000000000009070      0x31a ./Core/Src/stm32g4xx_it.o
 .debug_info    0x000000000000938a      0x718 ./Core/Src/system_stm32g4xx.o
 .debug_info    0x0000000000009aa2       0x22 ./Core/Startup/startup_stm32g474retx.o
 .debug_info    0x0000000000009ac4      0xcfd ./Drivers/STM32G4xx_HAL_Driver/Src/stm32g4xx_hal.o
 .debug_info    0x000000000000a7c1     0x1032 ./Drivers/STM32G4xx_HAL_Driver/Src/stm32g4xx_hal_cortex.o
 .debug_info    0x000000000000b7f3      0xa13 ./Drivers/STM32G4xx_HAL_Driver/Src/stm32g4xx_hal_gpio.o
 .debug_info    0x000000000000c206      0xb3a ./Drivers/STM32G4xx_HAL_Driver/Src/stm32g4xx_hal_pwr_ex.o
 .debug_info    0x000000000000cd40      0xddd ./Drivers/STM32G4xx_HAL_Driver/Src/stm32g4xx_hal_rcc.o
 .debug_info    0x000000000000db1d     0x19d5 ./Drivers/STM32G4xx_HAL_Driver/Src/stm32g4xx_hal_spi.o

.debug_abbrev   0x0000000000000000     0x2207
 .debug_abbrev  0x0000000000000000      0x6da ./Core/Src/Lmx2594.o
 .debug_abbrev  0x00000000000006da      0x14e ./Core/Src/gpio.o
 .debug_abbrev  0x0000000000000828      0x64a ./Core/Src/main.o
 .debug_abbrev  0x0000000000000e72      0x1bb ./Core/Src/spi.o
 .debug_abbrev  0x000000000000102d      0x13d ./Core/Src/stm32g4xx_hal_msp.o
 .debug_abbrev  0x000000000000116a       0xf2 ./Core/Src/stm32g4xx_it.o
 .debug_abbrev  0x000000000000125c      0x165 ./Core/Src/system_stm32g4xx.o
 .debug_abbrev  0x00000000000013c1       0x12 ./Core/Startup/startup_stm32g474retx.o
 .debug_abbrev  0x00000000000013d3      0x227 ./Drivers/STM32G4xx_HAL_Driver/Src/stm32g4xx_hal.o
 .debug_abbrev  0x00000000000015fa      0x333 ./Drivers/STM32G4xx_HAL_Driver/Src/stm32g4xx_hal_cortex.o
 .debug_abbrev  0x000000000000192d      0x1e8 ./Drivers/STM32G4xx_HAL_Driver/Src/stm32g4xx_hal_gpio.o
 .debug_abbrev  0x0000000000001b15      0x229 ./Drivers/STM32G4xx_HAL_Driver/Src/stm32g4xx_hal_pwr_ex.o
 .debug_abbrev  0x0000000000001d3e      0x275 ./Drivers/STM32G4xx_HAL_Driver/Src/stm32g4xx_hal_rcc.o
 .debug_abbrev  0x0000000000001fb3      0x254 ./Drivers/STM32G4xx_HAL_Driver/Src/stm32g4xx_hal_spi.o

.debug_aranges  0x0000000000000000      0x850
 .debug_aranges
                0x0000000000000000       0x98 ./Core/Src/Lmx2594.o
 .debug_aranges
                0x0000000000000098       0x20 ./Core/Src/gpio.o
 .debug_aranges
                0x00000000000000b8       0x48 ./Core/Src/main.o
 .debug_aranges
                0x0000000000000100       0x30 ./Core/Src/spi.o
 .debug_aranges
                0x0000000000000130       0x20 ./Core/Src/stm32g4xx_hal_msp.o
 .debug_aranges
                0x0000000000000150       0x60 ./Core/Src/stm32g4xx_it.o
 .debug_aranges
                0x00000000000001b0       0x28 ./Core/Src/system_stm32g4xx.o
 .debug_aranges
                0x00000000000001d8       0x28 ./Core/Startup/startup_stm32g474retx.o
 .debug_aranges
                0x0000000000000200      0x130 ./Drivers/STM32G4xx_HAL_Driver/Src/stm32g4xx_hal.o
 .debug_aranges
                0x0000000000000330      0x118 ./Drivers/STM32G4xx_HAL_Driver/Src/stm32g4xx_hal_cortex.o
 .debug_aranges
                0x0000000000000448       0x58 ./Drivers/STM32G4xx_HAL_Driver/Src/stm32g4xx_hal_gpio.o
 .debug_aranges
                0x00000000000004a0      0x140 ./Drivers/STM32G4xx_HAL_Driver/Src/stm32g4xx_hal_pwr_ex.o
 .debug_aranges
                0x00000000000005e0       0x98 ./Drivers/STM32G4xx_HAL_Driver/Src/stm32g4xx_hal_rcc.o
 .debug_aranges
                0x0000000000000678      0x1d8 ./Drivers/STM32G4xx_HAL_Driver/Src/stm32g4xx_hal_spi.o

.debug_ranges   0x0000000000000000      0x778
 .debug_ranges  0x0000000000000000       0x88 ./Core/Src/Lmx2594.o
 .debug_ranges  0x0000000000000088       0x10 ./Core/Src/gpio.o
 .debug_ranges  0x0000000000000098       0x38 ./Core/Src/main.o
 .debug_ranges  0x00000000000000d0       0x20 ./Core/Src/spi.o
 .debug_ranges  0x00000000000000f0       0x10 ./Core/Src/stm32g4xx_hal_msp.o
 .debug_ranges  0x0000000000000100       0x50 ./Core/Src/stm32g4xx_it.o
 .debug_ranges  0x0000000000000150       0x18 ./Core/Src/system_stm32g4xx.o
 .debug_ranges  0x0000000000000168       0x20 ./Core/Startup/startup_stm32g474retx.o
 .debug_ranges  0x0000000000000188      0x120 ./Drivers/STM32G4xx_HAL_Driver/Src/stm32g4xx_hal.o
 .debug_ranges  0x00000000000002a8      0x108 ./Drivers/STM32G4xx_HAL_Driver/Src/stm32g4xx_hal_cortex.o
 .debug_ranges  0x00000000000003b0       0x48 ./Drivers/STM32G4xx_HAL_Driver/Src/stm32g4xx_hal_gpio.o
 .debug_ranges  0x00000000000003f8      0x130 ./Drivers/STM32G4xx_HAL_Driver/Src/stm32g4xx_hal_pwr_ex.o
 .debug_ranges  0x0000000000000528       0x88 ./Drivers/STM32G4xx_HAL_Driver/Src/stm32g4xx_hal_rcc.o
 .debug_ranges  0x00000000000005b0      0x1c8 ./Drivers/STM32G4xx_HAL_Driver/Src/stm32g4xx_hal_spi.o

.debug_macro    0x0000000000000000    0x28069
 .debug_macro   0x0000000000000000      0x7f3 ./Core/Src/Lmx2594.o
 .debug_macro   0x00000000000007f3      0xb80 ./Core/Src/Lmx2594.o
 .debug_macro   0x0000000000001373      0x17c ./Core/Src/Lmx2594.o
 .debug_macro   0x00000000000014ef       0x10 ./Core/Src/Lmx2594.o
 .debug_macro   0x00000000000014ff      0x41e ./Core/Src/Lmx2594.o
 .debug_macro   0x000000000000191d       0x1c ./Core/Src/Lmx2594.o
 .debug_macro   0x0000000000001939       0x22 ./Core/Src/Lmx2594.o
 .debug_macro   0x000000000000195b       0x8e ./Core/Src/Lmx2594.o
 .debug_macro   0x00000000000019e9       0x51 ./Core/Src/Lmx2594.o
 .debug_macro   0x0000000000001a3a      0x103 ./Core/Src/Lmx2594.o
 .debug_macro   0x0000000000001b3d       0x6a ./Core/Src/Lmx2594.o
 .debug_macro   0x0000000000001ba7      0x1df ./Core/Src/Lmx2594.o
 .debug_macro   0x0000000000001d86       0x28 ./Core/Src/Lmx2594.o
 .debug_macro   0x0000000000001dae      0x17b ./Core/Src/Lmx2594.o
 .debug_macro   0x0000000000001f29      0x155 ./Core/Src/Lmx2594.o
 .debug_macro   0x000000000000207e       0x2e ./Core/Src/Lmx2594.o
 .debug_macro   0x00000000000020ac       0x28 ./Core/Src/Lmx2594.o
 .debug_macro   0x00000000000020d4       0x1c ./Core/Src/Lmx2594.o
 .debug_macro   0x00000000000020f0       0x22 ./Core/Src/Lmx2594.o
 .debug_macro   0x0000000000002112      0x101 ./Core/Src/Lmx2594.o
 .debug_macro   0x0000000000002213     0x1011 ./Core/Src/Lmx2594.o
 .debug_macro   0x0000000000003224      0x11f ./Core/Src/Lmx2594.o
 .debug_macro   0x0000000000003343    0x18596 ./Core/Src/Lmx2594.o
 .debug_macro   0x000000000001b8d9       0x43 ./Core/Src/Lmx2594.o
 .debug_macro   0x000000000001b91c     0x34f4 ./Core/Src/Lmx2594.o
 .debug_macro   0x000000000001ee10       0x5c ./Core/Src/Lmx2594.o
 .debug_macro   0x000000000001ee6c     0x16e0 ./Core/Src/Lmx2594.o
 .debug_macro   0x000000000002054c      0x600 ./Core/Src/Lmx2594.o
 .debug_macro   0x0000000000020b4c      0x137 ./Core/Src/Lmx2594.o
 .debug_macro   0x0000000000020c83      0x34b ./Core/Src/Lmx2594.o
 .debug_macro   0x0000000000020fce      0x53c ./Core/Src/Lmx2594.o
 .debug_macro   0x000000000002150a      0x18b ./Core/Src/Lmx2594.o
 .debug_macro   0x0000000000021695       0x43 ./Core/Src/Lmx2594.o
 .debug_macro   0x00000000000216d8      0x23d ./Core/Src/Lmx2594.o
 .debug_macro   0x0000000000021915      0x212 ./Core/Src/Lmx2594.o
 .debug_macro   0x0000000000021b27      0x45c ./Core/Src/Lmx2594.o
 .debug_macro   0x0000000000021f83      0x11c ./Core/Src/Lmx2594.o
 .debug_macro   0x000000000002209f      0x122 ./Core/Src/Lmx2594.o
 .debug_macro   0x00000000000221c1      0x3d1 ./Core/Src/Lmx2594.o
 .debug_macro   0x0000000000022592      0x2fe ./Core/Src/Lmx2594.o
 .debug_macro   0x0000000000022890      0x359 ./Core/Src/Lmx2594.o
 .debug_macro   0x0000000000022be9       0x41 ./Core/Src/Lmx2594.o
 .debug_macro   0x0000000000022c2a       0x28 ./Core/Src/Lmx2594.o
 .debug_macro   0x0000000000022c52       0x2e ./Core/Src/Lmx2594.o
 .debug_macro   0x0000000000022c80       0x18 ./Core/Src/Lmx2594.o
 .debug_macro   0x0000000000022c98       0x18 ./Core/Src/Lmx2594.o
 .debug_macro   0x0000000000022cb0       0x19 ./Core/Src/Lmx2594.o
 .debug_macro   0x0000000000022cc9       0x52 ./Core/Src/Lmx2594.o
 .debug_macro   0x0000000000022d1b       0x18 ./Core/Src/Lmx2594.o
 .debug_macro   0x0000000000022d33       0x3c ./Core/Src/Lmx2594.o
 .debug_macro   0x0000000000022d6f       0x34 ./Core/Src/Lmx2594.o
 .debug_macro   0x0000000000022da3       0x16 ./Core/Src/Lmx2594.o
 .debug_macro   0x0000000000022db9       0x43 ./Core/Src/Lmx2594.o
 .debug_macro   0x0000000000022dfc       0x34 ./Core/Src/Lmx2594.o
 .debug_macro   0x0000000000022e30       0x10 ./Core/Src/Lmx2594.o
 .debug_macro   0x0000000000022e40       0x58 ./Core/Src/Lmx2594.o
 .debug_macro   0x0000000000022e98       0x71 ./Core/Src/Lmx2594.o
 .debug_macro   0x0000000000022f09       0x16 ./Core/Src/Lmx2594.o
 .debug_macro   0x0000000000022f1f      0x12a ./Core/Src/Lmx2594.o
 .debug_macro   0x0000000000023049       0x1c ./Core/Src/Lmx2594.o
 .debug_macro   0x0000000000023065       0x3c ./Core/Src/Lmx2594.o
 .debug_macro   0x00000000000230a1      0x356 ./Core/Src/Lmx2594.o
 .debug_macro   0x00000000000233f7       0x10 ./Core/Src/Lmx2594.o
 .debug_macro   0x0000000000023407       0x10 ./Core/Src/Lmx2594.o
 .debug_macro   0x0000000000023417       0x33 ./Core/Src/Lmx2594.o
 .debug_macro   0x000000000002344a      0x173 ./Core/Src/Lmx2594.o
 .debug_macro   0x00000000000235bd       0x1c ./Core/Src/Lmx2594.o
 .debug_macro   0x00000000000235d9       0x10 ./Core/Src/Lmx2594.o
 .debug_macro   0x00000000000235e9       0x6e ./Core/Src/Lmx2594.o
 .debug_macro   0x0000000000023657       0x88 ./Core/Src/Lmx2594.o
 .debug_macro   0x00000000000236df       0x19 ./Core/Src/Lmx2594.o
 .debug_macro   0x00000000000236f8       0x10 ./Core/Src/Lmx2594.o
 .debug_macro   0x0000000000023708       0x35 ./Core/Src/Lmx2594.o
 .debug_macro   0x000000000002373d       0x5e ./Core/Src/Lmx2594.o
 .debug_macro   0x000000000002379b       0x16 ./Core/Src/Lmx2594.o
 .debug_macro   0x00000000000237b1       0x52 ./Core/Src/Lmx2594.o
 .debug_macro   0x0000000000023803       0x5e ./Core/Src/Lmx2594.o
 .debug_macro   0x0000000000023861       0x11 ./Core/Src/Lmx2594.o
 .debug_macro   0x0000000000023872       0x2f ./Core/Src/Lmx2594.o
 .debug_macro   0x00000000000238a1       0x16 ./Core/Src/Lmx2594.o
 .debug_macro   0x00000000000238b7       0x17 ./Core/Src/Lmx2594.o
 .debug_macro   0x00000000000238ce       0x11 ./Core/Src/Lmx2594.o
 .debug_macro   0x00000000000238df       0x10 ./Core/Src/Lmx2594.o
 .debug_macro   0x00000000000238ef       0x10 ./Core/Src/Lmx2594.o
 .debug_macro   0x00000000000238ff       0x16 ./Core/Src/Lmx2594.o
 .debug_macro   0x0000000000023915       0x16 ./Core/Src/Lmx2594.o
 .debug_macro   0x000000000002392b       0x29 ./Core/Src/Lmx2594.o
 .debug_macro   0x0000000000023954       0x1c ./Core/Src/Lmx2594.o
 .debug_macro   0x0000000000023970       0xde ./Core/Src/Lmx2594.o
 .debug_macro   0x0000000000023a4e       0x1c ./Core/Src/Lmx2594.o
 .debug_macro   0x0000000000023a6a       0x10 ./Core/Src/Lmx2594.o
 .debug_macro   0x0000000000023a7a       0x1c ./Core/Src/Lmx2594.o
 .debug_macro   0x0000000000023a96       0x52 ./Core/Src/Lmx2594.o
 .debug_macro   0x0000000000023ae8       0x22 ./Core/Src/Lmx2594.o
 .debug_macro   0x0000000000023b0a       0x10 ./Core/Src/Lmx2594.o
 .debug_macro   0x0000000000023b1a       0x40 ./Core/Src/Lmx2594.o
 .debug_macro   0x0000000000023b5a       0xd5 ./Core/Src/Lmx2594.o
 .debug_macro   0x0000000000023c2f       0x1c ./Core/Src/Lmx2594.o
 .debug_macro   0x0000000000023c4b       0x3d ./Core/Src/Lmx2594.o
 .debug_macro   0x0000000000023c88       0x16 ./Core/Src/Lmx2594.o
 .debug_macro   0x0000000000023c9e      0x130 ./Core/Src/Lmx2594.o
 .debug_macro   0x0000000000023dce      0x11d ./Core/Src/Lmx2594.o
 .debug_macro   0x0000000000023eeb       0x10 ./Core/Src/Lmx2594.o
 .debug_macro   0x0000000000023efb      0x241 ./Core/Src/Lmx2594.o
 .debug_macro   0x000000000002413c       0x17 ./Core/Src/Lmx2594.o
 .debug_macro   0x0000000000024153       0x17 ./Core/Src/Lmx2594.o
 .debug_macro   0x000000000002416a       0x10 ./Core/Src/Lmx2594.o
 .debug_macro   0x000000000002417a       0x10 ./Core/Src/Lmx2594.o
 .debug_macro   0x000000000002418a       0x76 ./Core/Src/Lmx2594.o
 .debug_macro   0x0000000000024200       0x16 ./Core/Src/Lmx2594.o
 .debug_macro   0x0000000000024216       0x27 ./Core/Src/Lmx2594.o
 .debug_macro   0x000000000002423d      0x1a2 ./Core/Src/Lmx2594.o
 .debug_macro   0x00000000000243df      0x3cd ./Core/Src/Lmx2594.o
 .debug_macro   0x00000000000247ac      0x1d4 ./Core/Src/gpio.o
 .debug_macro   0x0000000000024980      0xaa8 ./Core/Src/gpio.o
 .debug_macro   0x0000000000025428     0x1011 ./Core/Src/gpio.o
 .debug_macro   0x0000000000026439      0x174 ./Core/Src/gpio.o
 .debug_macro   0x00000000000265ad       0x40 ./Core/Src/gpio.o
 .debug_macro   0x00000000000265ed      0x7f9 ./Core/Src/main.o
 .debug_macro   0x0000000000026de6      0x1d4 ./Core/Src/spi.o
 .debug_macro   0x0000000000026fba      0x1ca ./Core/Src/stm32g4xx_hal_msp.o
 .debug_macro   0x0000000000027184      0x1d4 ./Core/Src/stm32g4xx_it.o
 .debug_macro   0x0000000000027358      0x1bb ./Core/Src/system_stm32g4xx.o
 .debug_macro   0x0000000000027513      0x209 ./Drivers/STM32G4xx_HAL_Driver/Src/stm32g4xx_hal.o
 .debug_macro   0x000000000002771c      0x1bb ./Drivers/STM32G4xx_HAL_Driver/Src/stm32g4xx_hal_cortex.o
 .debug_macro   0x00000000000278d7      0x1f3 ./Drivers/STM32G4xx_HAL_Driver/Src/stm32g4xx_hal_gpio.o
 .debug_macro   0x0000000000027aca      0x1e5 ./Drivers/STM32G4xx_HAL_Driver/Src/stm32g4xx_hal_pwr_ex.o
 .debug_macro   0x0000000000027caf      0x1f7 ./Drivers/STM32G4xx_HAL_Driver/Src/stm32g4xx_hal_rcc.o
 .debug_macro   0x0000000000027ea6      0x1c3 ./Drivers/STM32G4xx_HAL_Driver/Src/stm32g4xx_hal_spi.o

.debug_line     0x0000000000000000     0xb18e
 .debug_line    0x0000000000000000     0x1d32 ./Core/Src/Lmx2594.o
 .debug_line    0x0000000000001d32      0x6d7 ./Core/Src/gpio.o
 .debug_line    0x0000000000002409     0x155e ./Core/Src/main.o
 .debug_line    0x0000000000003967      0x727 ./Core/Src/spi.o
 .debug_line    0x000000000000408e      0x6b0 ./Core/Src/stm32g4xx_hal_msp.o
 .debug_line    0x000000000000473e      0x771 ./Core/Src/stm32g4xx_it.o
 .debug_line    0x0000000000004eaf      0x718 ./Core/Src/system_stm32g4xx.o
 .debug_line    0x00000000000055c7       0x89 ./Core/Startup/startup_stm32g474retx.o
 .debug_line    0x0000000000005650      0xa8f ./Drivers/STM32G4xx_HAL_Driver/Src/stm32g4xx_hal.o
 .debug_line    0x00000000000060df      0xc42 ./Drivers/STM32G4xx_HAL_Driver/Src/stm32g4xx_hal_cortex.o
 .debug_line    0x0000000000006d21      0xadc ./Drivers/STM32G4xx_HAL_Driver/Src/stm32g4xx_hal_gpio.o
 .debug_line    0x00000000000077fd      0xc3a ./Drivers/STM32G4xx_HAL_Driver/Src/stm32g4xx_hal_pwr_ex.o
 .debug_line    0x0000000000008437      0xe8f ./Drivers/STM32G4xx_HAL_Driver/Src/stm32g4xx_hal_rcc.o
 .debug_line    0x00000000000092c6     0x1ec8 ./Drivers/STM32G4xx_HAL_Driver/Src/stm32g4xx_hal_spi.o

.debug_str      0x0000000000000000    0xe8527
 .debug_str     0x0000000000000000    0xe5d47 ./Core/Src/Lmx2594.o
                                      0xe6658 (size before relaxing)
 .debug_str     0x00000000000e5d47      0x467 ./Core/Src/gpio.o
                                      0xdbeab (size before relaxing)
 .debug_str     0x00000000000e61ae      0x1f3 ./Core/Src/main.o
                                      0xe5c7a (size before relaxing)
 .debug_str     0x00000000000e63a1       0x4b ./Core/Src/spi.o
                                      0xdc37a (size before relaxing)
 .debug_str     0x00000000000e63ec       0x2c ./Core/Src/stm32g4xx_hal_msp.o
                                      0xdbe0e (size before relaxing)
 .debug_str     0x00000000000e6418       0xbd ./Core/Src/stm32g4xx_it.o
                                      0xdbd46 (size before relaxing)
 .debug_str     0x00000000000e64d5       0xaf ./Core/Src/system_stm32g4xx.o
                                      0xdbd90 (size before relaxing)
 .debug_str     0x00000000000e6584       0x36 ./Core/Startup/startup_stm32g474retx.o
                                         0x5e (size before relaxing)
 .debug_str     0x00000000000e65ba      0xba7 ./Drivers/STM32G4xx_HAL_Driver/Src/stm32g4xx_hal.o
                                      0xdca38 (size before relaxing)
 .debug_str     0x00000000000e7161      0x380 ./Drivers/STM32G4xx_HAL_Driver/Src/stm32g4xx_hal_cortex.o
                                      0xdc740 (size before relaxing)
 .debug_str     0x00000000000e74e1      0x213 ./Drivers/STM32G4xx_HAL_Driver/Src/stm32g4xx_hal_gpio.o
                                      0xdc014 (size before relaxing)
 .debug_str     0x00000000000e76f4      0x4d2 ./Drivers/STM32G4xx_HAL_Driver/Src/stm32g4xx_hal_pwr_ex.o
                                      0xdc286 (size before relaxing)
 .debug_str     0x00000000000e7bc6      0x3d1 ./Drivers/STM32G4xx_HAL_Driver/Src/stm32g4xx_hal_rcc.o
                                      0xdc346 (size before relaxing)
 .debug_str     0x00000000000e7f97      0x590 ./Drivers/STM32G4xx_HAL_Driver/Src/stm32g4xx_hal_spi.o
                                      0xdc667 (size before relaxing)

.comment        0x0000000000000000       0x53
 .comment       0x0000000000000000       0x53 ./Core/Src/Lmx2594.o
                                         0x54 (size before relaxing)
 .comment       0x0000000000000053       0x54 ./Core/Src/gpio.o
 .comment       0x0000000000000053       0x54 ./Core/Src/main.o
 .comment       0x0000000000000053       0x54 ./Core/Src/spi.o
 .comment       0x0000000000000053       0x54 ./Core/Src/stm32g4xx_hal_msp.o
 .comment       0x0000000000000053       0x54 ./Core/Src/stm32g4xx_it.o
 .comment       0x0000000000000053       0x54 ./Core/Src/system_stm32g4xx.o
 .comment       0x0000000000000053       0x54 ./Drivers/STM32G4xx_HAL_Driver/Src/stm32g4xx_hal.o
 .comment       0x0000000000000053       0x54 ./Drivers/STM32G4xx_HAL_Driver/Src/stm32g4xx_hal_cortex.o
 .comment       0x0000000000000053       0x54 ./Drivers/STM32G4xx_HAL_Driver/Src/stm32g4xx_hal_gpio.o
 .comment       0x0000000000000053       0x54 ./Drivers/STM32G4xx_HAL_Driver/Src/stm32g4xx_hal_pwr_ex.o
 .comment       0x0000000000000053       0x54 ./Drivers/STM32G4xx_HAL_Driver/Src/stm32g4xx_hal_rcc.o
 .comment       0x0000000000000053       0x54 ./Drivers/STM32G4xx_HAL_Driver/Src/stm32g4xx_hal_spi.o

.debug_frame    0x0000000000000000     0x1fec
 .debug_frame   0x0000000000000000      0x27c ./Core/Src/Lmx2594.o
 .debug_frame   0x000000000000027c       0x34 ./Core/Src/gpio.o
 .debug_frame   0x00000000000002b0       0xd0 ./Core/Src/main.o
 .debug_frame   0x0000000000000380       0x74 ./Core/Src/spi.o
 .debug_frame   0x00000000000003f4       0x34 ./Core/Src/stm32g4xx_hal_msp.o
 .debug_frame   0x0000000000000428      0x104 ./Core/Src/stm32g4xx_it.o
 .debug_frame   0x000000000000052c       0x58 ./Core/Src/system_stm32g4xx.o
 .debug_frame   0x0000000000000584      0x4a0 ./Drivers/STM32G4xx_HAL_Driver/Src/stm32g4xx_hal.o
 .debug_frame   0x0000000000000a24      0x498 ./Drivers/STM32G4xx_HAL_Driver/Src/stm32g4xx_hal_cortex.o
 .debug_frame   0x0000000000000ebc      0x14c ./Drivers/STM32G4xx_HAL_Driver/Src/stm32g4xx_hal_gpio.o
 .debug_frame   0x0000000000001008      0x4fc ./Drivers/STM32G4xx_HAL_Driver/Src/stm32g4xx_hal_pwr_ex.o
 .debug_frame   0x0000000000001504      0x23c ./Drivers/STM32G4xx_HAL_Driver/Src/stm32g4xx_hal_rcc.o
 .debug_frame   0x0000000000001740      0x860 ./Drivers/STM32G4xx_HAL_Driver/Src/stm32g4xx_hal_spi.o
 .debug_frame   0x0000000000001fa0       0x2c c:/st/stm32cubeide_1.7.0/stm32cubeide/plugins/com.st.stm32cube.ide.mcu.externaltools.gnu-tools-for-stm32.9-2020-q2-update.win32_2.0.0.202105311346/tools/bin/../lib/gcc/arm-none-eabi/9.3.1/../../../../arm-none-eabi/lib/thumb/v7e-m+fp/hard\libc_nano.a(lib_a-init.o)
 .debug_frame   0x0000000000001fcc       0x20 c:/st/stm32cubeide_1.7.0/stm32cubeide/plugins/com.st.stm32cube.ide.mcu.externaltools.gnu-tools-for-stm32.9-2020-q2-update.win32_2.0.0.202105311346/tools/bin/../lib/gcc/arm-none-eabi/9.3.1/../../../../arm-none-eabi/lib/thumb/v7e-m+fp/hard\libc_nano.a(lib_a-memset.o)
